[2022-03-19T19:01:14.794-0700][gc,heap] Heap region size: 1M
[2022-03-19T19:01:14.802-0700][gc     ] Using G1
[2022-03-19T19:01:14.803-0700][gc,heap,coops] Heap address: 0x00000007c0000000, size: 1024 MB, Compressed Oops mode: Zero based, Oop shift amount: 3
[2022-03-19T19:01:15.716-0700][gc,start     ] GC(0) Pause Young (Concurrent Start) (Metadata GC Threshold)
[2022-03-19T19:01:15.717-0700][gc,task      ] GC(0) Using 10 workers of 10 for evacuation
[2022-03-19T19:01:15.725-0700][gc,phases    ] GC(0)   Pre Evacuate Collection Set: 0.0ms
[2022-03-19T19:01:15.725-0700][gc,phases    ] GC(0)   Evacuate Collection Set: 6.6ms
[2022-03-19T19:01:15.725-0700][gc,phases    ] GC(0)   Post Evacuate Collection Set: 0.6ms
[2022-03-19T19:01:15.725-0700][gc,phases    ] GC(0)   Other: 1.5ms
[2022-03-19T19:01:15.725-0700][gc,heap      ] GC(0) Eden regions: 44->0(44)
[2022-03-19T19:01:15.725-0700][gc,heap      ] GC(0) Survivor regions: 0->7(7)
[2022-03-19T19:01:15.725-0700][gc,heap      ] GC(0) Old regions: 0->1
[2022-03-19T19:01:15.725-0700][gc,heap      ] GC(0) Humongous regions: 0->0
[2022-03-19T19:01:15.725-0700][gc,metaspace ] GC(0) Metaspace: 20756K->20756K(1069056K)
[2022-03-19T19:01:15.725-0700][gc           ] GC(0) Pause Young (Concurrent Start) (Metadata GC Threshold) 44M->7M(1024M) 8.876ms
[2022-03-19T19:01:15.725-0700][gc,cpu       ] GC(0) User=0.02s Sys=0.01s Real=0.01s
[2022-03-19T19:01:15.725-0700][gc           ] GC(1) Concurrent Cycle
[2022-03-19T19:01:15.725-0700][gc,marking   ] GC(1) Concurrent Clear Claimed Marks
[2022-03-19T19:01:15.726-0700][gc,marking   ] GC(1) Concurrent Clear Claimed Marks 0.034ms
[2022-03-19T19:01:15.726-0700][gc,marking   ] GC(1) Concurrent Scan Root Regions
[2022-03-19T19:01:15.727-0700][gc,marking   ] GC(1) Concurrent Scan Root Regions 1.687ms
[2022-03-19T19:01:15.728-0700][gc,marking   ] GC(1) Concurrent Mark (0.942s)
[2022-03-19T19:01:15.728-0700][gc,marking   ] GC(1) Concurrent Mark From Roots
[2022-03-19T19:01:15.728-0700][gc,task      ] GC(1) Using 3 workers of 3 for marking
[2022-03-19T19:01:15.728-0700][gc,marking   ] GC(1) Concurrent Mark From Roots 0.431ms
[2022-03-19T19:01:15.728-0700][gc,marking   ] GC(1) Concurrent Preclean
[2022-03-19T19:01:15.728-0700][gc,marking   ] GC(1) Concurrent Preclean 0.032ms
[2022-03-19T19:01:15.728-0700][gc,marking   ] GC(1) Concurrent Mark (0.942s, 0.942s) 0.513ms
[2022-03-19T19:01:15.728-0700][gc,start     ] GC(1) Pause Remark
[2022-03-19T19:01:15.730-0700][gc,stringtable] GC(1) Cleaned string and symbol table, strings: 7246 processed, 0 removed, symbols: 63774 processed, 32 removed
[2022-03-19T19:01:15.730-0700][gc            ] GC(1) Pause Remark 7M->7M(1024M) 1.790ms
[2022-03-19T19:01:15.730-0700][gc,cpu        ] GC(1) User=0.01s Sys=0.00s Real=0.01s
[2022-03-19T19:01:15.730-0700][gc,marking    ] GC(1) Concurrent Rebuild Remembered Sets
[2022-03-19T19:01:15.730-0700][gc,marking    ] GC(1) Concurrent Rebuild Remembered Sets 0.456ms
[2022-03-19T19:01:15.731-0700][gc,start      ] GC(1) Pause Cleanup
[2022-03-19T19:01:15.731-0700][gc            ] GC(1) Pause Cleanup 7M->7M(1024M) 0.146ms
[2022-03-19T19:01:15.731-0700][gc,cpu        ] GC(1) User=0.00s Sys=0.00s Real=0.00s
[2022-03-19T19:01:15.731-0700][gc,marking    ] GC(1) Concurrent Cleanup for Next Mark
[2022-03-19T19:01:15.737-0700][gc,marking    ] GC(1) Concurrent Cleanup for Next Mark 6.248ms
[2022-03-19T19:01:15.738-0700][gc            ] GC(1) Concurrent Cycle 12.163ms
[2022-03-19T19:01:16.887-0700][gc,start      ] GC(2) Pause Young (Normal) (G1 Evacuation Pause)
[2022-03-19T19:01:16.887-0700][gc,task       ] GC(2) Using 10 workers of 10 for evacuation
[2022-03-19T19:01:16.892-0700][gc,phases     ] GC(2)   Pre Evacuate Collection Set: 0.0ms
[2022-03-19T19:01:16.892-0700][gc,phases     ] GC(2)   Evacuate Collection Set: 4.8ms
[2022-03-19T19:01:16.892-0700][gc,phases     ] GC(2)   Post Evacuate Collection Set: 0.4ms
[2022-03-19T19:01:16.892-0700][gc,phases     ] GC(2)   Other: 0.1ms
[2022-03-19T19:01:16.892-0700][gc,heap       ] GC(2) Eden regions: 44->0(49)
[2022-03-19T19:01:16.892-0700][gc,heap       ] GC(2) Survivor regions: 7->2(7)
[2022-03-19T19:01:16.892-0700][gc,heap       ] GC(2) Old regions: 1->7
[2022-03-19T19:01:16.892-0700][gc,heap       ] GC(2) Humongous regions: 0->0
[2022-03-19T19:01:16.892-0700][gc,metaspace  ] GC(2) Metaspace: 30564K->30564K(1077248K)
[2022-03-19T19:01:16.892-0700][gc            ] GC(2) Pause Young (Normal) (G1 Evacuation Pause) 51M->8M(1024M) 5.567ms
[2022-03-19T19:01:16.892-0700][gc,cpu        ] GC(2) User=0.05s Sys=0.01s Real=0.01s
[2022-03-19T19:01:18.856-0700][gc,start      ] GC(3) Pause Young (Concurrent Start) (Metadata GC Threshold)
[2022-03-19T19:01:18.857-0700][gc,task       ] GC(3) Using 10 workers of 10 for evacuation
[2022-03-19T19:01:18.858-0700][gc,phases     ] GC(3)   Pre Evacuate Collection Set: 0.1ms
[2022-03-19T19:01:18.859-0700][gc,phases     ] GC(3)   Evacuate Collection Set: 1.6ms
[2022-03-19T19:01:18.859-0700][gc,phases     ] GC(3)   Post Evacuate Collection Set: 0.2ms
[2022-03-19T19:01:18.859-0700][gc,phases     ] GC(3)   Other: 0.1ms
[2022-03-19T19:01:18.859-0700][gc,heap       ] GC(3) Eden regions: 28->0(47)
[2022-03-19T19:01:18.859-0700][gc,heap       ] GC(3) Survivor regions: 2->4(7)
[2022-03-19T19:01:18.859-0700][gc,heap       ] GC(3) Old regions: 7->7
[2022-03-19T19:01:18.859-0700][gc,heap       ] GC(3) Humongous regions: 129->129
[2022-03-19T19:01:18.859-0700][gc,metaspace  ] GC(3) Metaspace: 34951K->34951K(1081344K)
[2022-03-19T19:01:18.859-0700][gc            ] GC(3) Pause Young (Concurrent Start) (Metadata GC Threshold) 165M->138M(1024M) 2.089ms
[2022-03-19T19:01:18.859-0700][gc,cpu        ] GC(3) User=0.01s Sys=0.00s Real=0.00s
[2022-03-19T19:01:18.859-0700][gc            ] GC(4) Concurrent Cycle
[2022-03-19T19:01:18.859-0700][gc,marking    ] GC(4) Concurrent Clear Claimed Marks
[2022-03-19T19:01:18.859-0700][gc,marking    ] GC(4) Concurrent Clear Claimed Marks 0.018ms
[2022-03-19T19:01:18.859-0700][gc,marking    ] GC(4) Concurrent Scan Root Regions
[2022-03-19T19:01:18.859-0700][gc,marking    ] GC(4) Concurrent Scan Root Regions 0.732ms
[2022-03-19T19:01:18.859-0700][gc,marking    ] GC(4) Concurrent Mark (4.073s)
[2022-03-19T19:01:18.859-0700][gc,marking    ] GC(4) Concurrent Mark From Roots
[2022-03-19T19:01:18.859-0700][gc,task       ] GC(4) Using 3 workers of 3 for marking
[2022-03-19T19:01:18.862-0700][gc,marking    ] GC(4) Concurrent Mark From Roots 2.366ms
[2022-03-19T19:01:18.862-0700][gc,marking    ] GC(4) Concurrent Preclean
[2022-03-19T19:01:18.862-0700][gc,marking    ] GC(4) Concurrent Preclean 0.049ms
[2022-03-19T19:01:18.862-0700][gc,marking    ] GC(4) Concurrent Mark (4.073s, 4.076s) 2.451ms
[2022-03-19T19:01:18.862-0700][gc,start      ] GC(4) Pause Remark
[2022-03-19T19:01:18.863-0700][gc,stringtable] GC(4) Cleaned string and symbol table, strings: 10775 processed, 8 removed, symbols: 95560 processed, 24 removed
[2022-03-19T19:01:18.863-0700][gc            ] GC(4) Pause Remark 139M->139M(1024M) 1.199ms
[2022-03-19T19:01:18.863-0700][gc,cpu        ] GC(4) User=0.01s Sys=0.00s Real=0.00s
[2022-03-19T19:01:18.863-0700][gc,marking    ] GC(4) Concurrent Rebuild Remembered Sets
[2022-03-19T19:01:18.865-0700][gc,marking    ] GC(4) Concurrent Rebuild Remembered Sets 1.525ms
[2022-03-19T19:01:18.865-0700][gc,start      ] GC(4) Pause Cleanup
[2022-03-19T19:01:18.865-0700][gc            ] GC(4) Pause Cleanup 139M->139M(1024M) 0.083ms
[2022-03-19T19:01:18.865-0700][gc,cpu        ] GC(4) User=0.00s Sys=0.00s Real=0.00s
[2022-03-19T19:01:18.865-0700][gc,marking    ] GC(4) Concurrent Cleanup for Next Mark
[2022-03-19T19:01:18.871-0700][gc,marking    ] GC(4) Concurrent Cleanup for Next Mark 5.737ms
[2022-03-19T19:01:18.871-0700][gc            ] GC(4) Concurrent Cycle 12.048ms
[2022-03-19T19:01:19.376-0700][gc,start      ] GC(5) Pause Young (Normal) (G1 Evacuation Pause)
[2022-03-19T19:01:19.376-0700][gc,task       ] GC(5) Using 10 workers of 10 for evacuation
[2022-03-19T19:01:19.382-0700][gc,phases     ] GC(5)   Pre Evacuate Collection Set: 0.0ms
[2022-03-19T19:01:19.382-0700][gc,phases     ] GC(5)   Evacuate Collection Set: 5.8ms
[2022-03-19T19:01:19.382-0700][gc,phases     ] GC(5)   Post Evacuate Collection Set: 0.4ms
[2022-03-19T19:01:19.382-0700][gc,phases     ] GC(5)   Other: 0.2ms
[2022-03-19T19:01:19.382-0700][gc,heap       ] GC(5) Eden regions: 47->0(44)
[2022-03-19T19:01:19.382-0700][gc,heap       ] GC(5) Survivor regions: 4->7(7)
[2022-03-19T19:01:19.382-0700][gc,heap       ] GC(5) Old regions: 7->7
[2022-03-19T19:01:19.382-0700][gc,heap       ] GC(5) Humongous regions: 129->129
[2022-03-19T19:01:19.382-0700][gc,metaspace  ] GC(5) Metaspace: 42973K->42973K(1089536K)
[2022-03-19T19:01:19.382-0700][gc            ] GC(5) Pause Young (Normal) (G1 Evacuation Pause) 185M->142M(1024M) 6.501ms
[2022-03-19T19:01:19.382-0700][gc,cpu        ] GC(5) User=0.03s Sys=0.00s Real=0.01s
[2022-03-19T19:03:11.641-0700][gc,start      ] GC(6) Pause Young (Normal) (G1 Evacuation Pause)
[2022-03-19T19:03:11.642-0700][gc,task       ] GC(6) Using 10 workers of 10 for evacuation
[2022-03-19T19:03:11.683-0700][gc,mmu        ] GC(6) MMU target violated: 21.0ms (20.0ms/21.0ms)
[2022-03-19T19:03:11.683-0700][gc,phases     ] GC(6)   Pre Evacuate Collection Set: 4.7ms
[2022-03-19T19:03:11.683-0700][gc,phases     ] GC(6)   Evacuate Collection Set: 30.2ms
[2022-03-19T19:03:11.683-0700][gc,phases     ] GC(6)   Post Evacuate Collection Set: 0.6ms
[2022-03-19T19:03:11.683-0700][gc,phases     ] GC(6)   Other: 7.1ms
[2022-03-19T19:03:11.683-0700][gc,heap       ] GC(6) Eden regions: 44->0(48)
[2022-03-19T19:03:11.683-0700][gc,heap       ] GC(6) Survivor regions: 7->3(7)
[2022-03-19T19:03:11.683-0700][gc,heap       ] GC(6) Old regions: 7->13
[2022-03-19T19:03:11.683-0700][gc,heap       ] GC(6) Humongous regions: 135->129
[2022-03-19T19:03:11.683-0700][gc,metaspace  ] GC(6) Metaspace: 49973K->49973K(1095680K)
[2022-03-19T19:03:11.684-0700][gc            ] GC(6) Pause Young (Normal) (G1 Evacuation Pause) 192M->144M(1024M) 42.705ms
[2022-03-19T19:03:11.684-0700][gc,cpu        ] GC(6) User=0.05s Sys=0.12s Real=0.04s
[2022-03-19T19:17:19.196-0700][gc,start      ] GC(7) Pause Young (Normal) (G1 Evacuation Pause)
[2022-03-19T19:17:19.197-0700][gc,task       ] GC(7) Using 10 workers of 10 for evacuation
[2022-03-19T19:17:19.265-0700][gc,mmu        ] GC(7) MMU target violated: 21.0ms (20.0ms/21.0ms)
[2022-03-19T19:17:19.265-0700][gc,phases     ] GC(7)   Pre Evacuate Collection Set: 1.9ms
[2022-03-19T19:17:19.265-0700][gc,phases     ] GC(7)   Evacuate Collection Set: 64.4ms
[2022-03-19T19:17:19.266-0700][gc,phases     ] GC(7)   Post Evacuate Collection Set: 0.7ms
[2022-03-19T19:17:19.266-0700][gc,phases     ] GC(7)   Other: 3.1ms
[2022-03-19T19:17:19.266-0700][gc,heap       ] GC(7) Eden regions: 48->0(47)
[2022-03-19T19:17:19.266-0700][gc,heap       ] GC(7) Survivor regions: 3->4(7)
[2022-03-19T19:17:19.266-0700][gc,heap       ] GC(7) Old regions: 13->13
[2022-03-19T19:17:19.266-0700][gc,heap       ] GC(7) Humongous regions: 129->129
[2022-03-19T19:17:19.266-0700][gc,metaspace  ] GC(7) Metaspace: 50933K->50933K(1095680K)
[2022-03-19T19:17:19.266-0700][gc            ] GC(7) Pause Young (Normal) (G1 Evacuation Pause) 192M->145M(1024M) 69.276ms
[2022-03-19T19:17:19.266-0700][gc,cpu        ] GC(7) User=0.02s Sys=0.13s Real=0.07s
[2022-03-19T19:32:04.770-0700][gc,start      ] GC(8) Pause Young (Normal) (G1 Evacuation Pause)
[2022-03-19T19:32:04.771-0700][gc,task       ] GC(8) Using 10 workers of 10 for evacuation
[2022-03-19T19:32:04.818-0700][gc,mmu        ] GC(8) MMU target violated: 21.0ms (20.0ms/21.0ms)
[2022-03-19T19:32:04.818-0700][gc,phases     ] GC(8)   Pre Evacuate Collection Set: 2.7ms
[2022-03-19T19:32:04.818-0700][gc,phases     ] GC(8)   Evacuate Collection Set: 42.2ms
[2022-03-19T19:32:04.818-0700][gc,phases     ] GC(8)   Post Evacuate Collection Set: 0.5ms
[2022-03-19T19:32:04.818-0700][gc,phases     ] GC(8)   Other: 3.3ms
[2022-03-19T19:32:04.818-0700][gc,heap       ] GC(8) Eden regions: 47->0(46)
[2022-03-19T19:32:04.818-0700][gc,heap       ] GC(8) Survivor regions: 4->5(7)
[2022-03-19T19:32:04.818-0700][gc,heap       ] GC(8) Old regions: 13->13
[2022-03-19T19:32:04.818-0700][gc,heap       ] GC(8) Humongous regions: 129->129
[2022-03-19T19:32:04.819-0700][gc,metaspace  ] GC(8) Metaspace: 51149K->51149K(1095680K)
[2022-03-19T19:32:04.819-0700][gc            ] GC(8) Pause Young (Normal) (G1 Evacuation Pause) 192M->145M(1024M) 48.804ms
[2022-03-19T19:32:04.819-0700][gc,cpu        ] GC(8) User=0.03s Sys=0.10s Real=0.04s
[2022-03-19T19:50:17.113-0700][gc,start      ] GC(9) Pause Young (Normal) (G1 Evacuation Pause)
[2022-03-19T19:50:17.114-0700][gc,task       ] GC(9) Using 10 workers of 10 for evacuation
[2022-03-19T19:50:17.214-0700][gc,mmu        ] GC(9) MMU target violated: 21.0ms (20.0ms/21.0ms)
[2022-03-19T19:50:17.214-0700][gc,phases     ] GC(9)   Pre Evacuate Collection Set: 5.3ms
[2022-03-19T19:50:17.214-0700][gc,phases     ] GC(9)   Evacuate Collection Set: 81.1ms
[2022-03-19T19:50:17.214-0700][gc,phases     ] GC(9)   Post Evacuate Collection Set: 4.1ms
[2022-03-19T19:50:17.214-0700][gc,phases     ] GC(9)   Other: 12.1ms
[2022-03-19T19:50:17.214-0700][gc,heap       ] GC(9) Eden regions: 46->0(48)
[2022-03-19T19:50:17.214-0700][gc,heap       ] GC(9) Survivor regions: 5->3(7)
[2022-03-19T19:50:17.214-0700][gc,heap       ] GC(9) Old regions: 13->15
[2022-03-19T19:50:17.214-0700][gc,heap       ] GC(9) Humongous regions: 129->129
[2022-03-19T19:50:17.214-0700][gc,metaspace  ] GC(9) Metaspace: 51268K->51268K(1095680K)
[2022-03-19T19:50:17.214-0700][gc            ] GC(9) Pause Young (Normal) (G1 Evacuation Pause) 191M->145M(1024M) 101.362ms
[2022-03-19T19:50:17.214-0700][gc,cpu        ] GC(9) User=0.04s Sys=0.19s Real=0.10s
[2022-03-19T20:07:47.783-0700][gc,start      ] GC(10) Pause Young (Normal) (G1 Evacuation Pause)
[2022-03-19T20:07:47.784-0700][gc,task       ] GC(10) Using 10 workers of 10 for evacuation
[2022-03-19T20:07:47.891-0700][gc,mmu        ] GC(10) MMU target violated: 21.0ms (20.0ms/21.0ms)
[2022-03-19T20:07:47.891-0700][gc,phases     ] GC(10)   Pre Evacuate Collection Set: 8.7ms
[2022-03-19T20:07:47.891-0700][gc,phases     ] GC(10)   Evacuate Collection Set: 80.8ms
[2022-03-19T20:07:47.891-0700][gc,phases     ] GC(10)   Post Evacuate Collection Set: 10.7ms
[2022-03-19T20:07:47.892-0700][gc,phases     ] GC(10)   Other: 8.4ms
[2022-03-19T20:07:47.892-0700][gc,heap       ] GC(10) Eden regions: 48->0(47)
[2022-03-19T20:07:47.892-0700][gc,heap       ] GC(10) Survivor regions: 3->4(7)
[2022-03-19T20:07:47.892-0700][gc,heap       ] GC(10) Old regions: 15->15
[2022-03-19T20:07:47.892-0700][gc,heap       ] GC(10) Humongous regions: 129->129
[2022-03-19T20:07:47.892-0700][gc,metaspace  ] GC(10) Metaspace: 51451K->51451K(1095680K)
[2022-03-19T20:07:47.892-0700][gc            ] GC(10) Pause Young (Normal) (G1 Evacuation Pause) 193M->147M(1024M) 108.779ms
[2022-03-19T20:07:47.892-0700][gc,cpu        ] GC(10) User=0.03s Sys=0.17s Real=0.11s
[2022-03-19T20:13:09.582-0700][gc,heap,exit  ] Heap
[2022-03-19T20:13:09.583-0700][gc,heap,exit  ]  garbage-first heap   total 1048576K, used 167120K [0x00000007c0000000, 0x0000000800000000)
[2022-03-19T20:13:09.583-0700][gc,heap,exit  ]   region size 1024K, 22 young (22528K), 4 survivors (4096K)
[2022-03-19T20:13:09.583-0700][gc,heap,exit  ]  Metaspace       used 52251K, capacity 55076K, committed 55248K, reserved 1097728K
[2022-03-19T20:13:09.583-0700][gc,heap,exit  ]   class space    used 6441K, capacity 7801K, committed 7808K, reserved 1048576K
