[2022-03-18T17:56:05.063-0700][gc,heap] Heap region size: 1M
[2022-03-18T17:56:05.093-0700][gc     ] Using G1
[2022-03-18T17:56:05.093-0700][gc,heap,coops] Heap address: 0x00000007c0000000, size: 1024 MB, Compressed Oops mode: Zero based, Oop shift amount: 3
[2022-03-18T17:56:06.189-0700][gc,start     ] GC(0) Pause Young (Concurrent Start) (Metadata GC Threshold)
[2022-03-18T17:56:06.190-0700][gc,task      ] GC(0) Using 10 workers of 10 for evacuation
[2022-03-18T17:56:06.197-0700][gc,phases    ] GC(0)   Pre Evacuate Collection Set: 0.0ms
[2022-03-18T17:56:06.197-0700][gc,phases    ] GC(0)   Evacuate Collection Set: 6.7ms
[2022-03-18T17:56:06.197-0700][gc,phases    ] GC(0)   Post Evacuate Collection Set: 0.4ms
[2022-03-18T17:56:06.197-0700][gc,phases    ] GC(0)   Other: 0.9ms
[2022-03-18T17:56:06.197-0700][gc,heap      ] GC(0) Eden regions: 44->0(44)
[2022-03-18T17:56:06.197-0700][gc,heap      ] GC(0) Survivor regions: 0->7(7)
[2022-03-18T17:56:06.197-0700][gc,heap      ] GC(0) Old regions: 0->1
[2022-03-18T17:56:06.197-0700][gc,heap      ] GC(0) Humongous regions: 0->0
[2022-03-18T17:56:06.197-0700][gc,metaspace ] GC(0) Metaspace: 20857K->20857K(1069056K)
[2022-03-18T17:56:06.197-0700][gc           ] GC(0) Pause Young (Concurrent Start) (Metadata GC Threshold) 44M->7M(1024M) 8.283ms
[2022-03-18T17:56:06.197-0700][gc,cpu       ] GC(0) User=0.02s Sys=0.01s Real=0.01s
[2022-03-18T17:56:06.197-0700][gc           ] GC(1) Concurrent Cycle
[2022-03-18T17:56:06.198-0700][gc,marking   ] GC(1) Concurrent Clear Claimed Marks
[2022-03-18T17:56:06.198-0700][gc,marking   ] GC(1) Concurrent Clear Claimed Marks 0.026ms
[2022-03-18T17:56:06.198-0700][gc,marking   ] GC(1) Concurrent Scan Root Regions
[2022-03-18T17:56:06.199-0700][gc,marking   ] GC(1) Concurrent Scan Root Regions 1.416ms
[2022-03-18T17:56:06.199-0700][gc,marking   ] GC(1) Concurrent Mark (1.158s)
[2022-03-18T17:56:06.199-0700][gc,marking   ] GC(1) Concurrent Mark From Roots
[2022-03-18T17:56:06.199-0700][gc,task      ] GC(1) Using 3 workers of 3 for marking
[2022-03-18T17:56:06.199-0700][gc,marking   ] GC(1) Concurrent Mark From Roots 0.204ms
[2022-03-18T17:56:06.199-0700][gc,marking   ] GC(1) Concurrent Preclean
[2022-03-18T17:56:06.199-0700][gc,marking   ] GC(1) Concurrent Preclean 0.035ms
[2022-03-18T17:56:06.199-0700][gc,marking   ] GC(1) Concurrent Mark (1.158s, 1.159s) 0.294ms
[2022-03-18T17:56:06.199-0700][gc,start     ] GC(1) Pause Remark
[2022-03-18T17:56:06.201-0700][gc,stringtable] GC(1) Cleaned string and symbol table, strings: 7251 processed, 0 removed, symbols: 63863 processed, 32 removed
[2022-03-18T17:56:06.201-0700][gc            ] GC(1) Pause Remark 7M->7M(1024M) 1.314ms
[2022-03-18T17:56:06.201-0700][gc,cpu        ] GC(1) User=0.01s Sys=0.00s Real=0.01s
[2022-03-18T17:56:06.201-0700][gc,marking    ] GC(1) Concurrent Rebuild Remembered Sets
[2022-03-18T17:56:06.201-0700][gc,marking    ] GC(1) Concurrent Rebuild Remembered Sets 0.077ms
[2022-03-18T17:56:06.201-0700][gc,start      ] GC(1) Pause Cleanup
[2022-03-18T17:56:06.201-0700][gc            ] GC(1) Pause Cleanup 7M->7M(1024M) 0.131ms
[2022-03-18T17:56:06.201-0700][gc,cpu        ] GC(1) User=0.00s Sys=0.00s Real=0.00s
[2022-03-18T17:56:06.201-0700][gc,marking    ] GC(1) Concurrent Cleanup for Next Mark
[2022-03-18T17:56:06.207-0700][gc,marking    ] GC(1) Concurrent Cleanup for Next Mark 5.702ms
[2022-03-18T17:56:06.207-0700][gc            ] GC(1) Concurrent Cycle 9.338ms
[2022-03-18T17:56:07.602-0700][gc,start      ] GC(2) Pause Young (Normal) (G1 Evacuation Pause)
[2022-03-18T17:56:07.602-0700][gc,task       ] GC(2) Using 10 workers of 10 for evacuation
[2022-03-18T17:56:07.619-0700][gc,phases     ] GC(2)   Pre Evacuate Collection Set: 0.0ms
[2022-03-18T17:56:07.619-0700][gc,phases     ] GC(2)   Evacuate Collection Set: 7.3ms
[2022-03-18T17:56:07.619-0700][gc,phases     ] GC(2)   Post Evacuate Collection Set: 9.3ms
[2022-03-18T17:56:07.619-0700][gc,phases     ] GC(2)   Other: 0.2ms
[2022-03-18T17:56:07.619-0700][gc,heap       ] GC(2) Eden regions: 44->0(49)
[2022-03-18T17:56:07.619-0700][gc,heap       ] GC(2) Survivor regions: 7->2(7)
[2022-03-18T17:56:07.619-0700][gc,heap       ] GC(2) Old regions: 1->7
[2022-03-18T17:56:07.619-0700][gc,heap       ] GC(2) Humongous regions: 0->0
[2022-03-18T17:56:07.619-0700][gc,metaspace  ] GC(2) Metaspace: 30603K->30603K(1077248K)
[2022-03-18T17:56:07.619-0700][gc            ] GC(2) Pause Young (Normal) (G1 Evacuation Pause) 51M->8M(1024M) 17.110ms
[2022-03-18T17:56:07.619-0700][gc,cpu        ] GC(2) User=0.05s Sys=0.01s Real=0.01s
[2022-03-18T17:56:08.830-0700][gc,start      ] GC(3) Pause Young (Concurrent Start) (Metadata GC Threshold)
[2022-03-18T17:56:08.830-0700][gc,task       ] GC(3) Using 10 workers of 10 for evacuation
[2022-03-18T17:56:08.832-0700][gc,phases     ] GC(3)   Pre Evacuate Collection Set: 0.1ms
[2022-03-18T17:56:08.832-0700][gc,phases     ] GC(3)   Evacuate Collection Set: 1.6ms
[2022-03-18T17:56:08.832-0700][gc,phases     ] GC(3)   Post Evacuate Collection Set: 0.2ms
[2022-03-18T17:56:08.832-0700][gc,phases     ] GC(3)   Other: 0.1ms
[2022-03-18T17:56:08.832-0700][gc,heap       ] GC(3) Eden regions: 27->0(47)
[2022-03-18T17:56:08.832-0700][gc,heap       ] GC(3) Survivor regions: 2->4(7)
[2022-03-18T17:56:08.832-0700][gc,heap       ] GC(3) Old regions: 7->7
[2022-03-18T17:56:08.832-0700][gc,heap       ] GC(3) Humongous regions: 129->129
[2022-03-18T17:56:08.832-0700][gc,metaspace  ] GC(3) Metaspace: 34942K->34942K(1081344K)
[2022-03-18T17:56:08.832-0700][gc            ] GC(3) Pause Young (Concurrent Start) (Metadata GC Threshold) 164M->138M(1024M) 2.069ms
[2022-03-18T17:56:08.832-0700][gc,cpu        ] GC(3) User=0.01s Sys=0.00s Real=0.00s
[2022-03-18T17:56:08.832-0700][gc            ] GC(4) Concurrent Cycle
[2022-03-18T17:56:08.832-0700][gc,marking    ] GC(4) Concurrent Clear Claimed Marks
[2022-03-18T17:56:08.832-0700][gc,marking    ] GC(4) Concurrent Clear Claimed Marks 0.027ms
[2022-03-18T17:56:08.832-0700][gc,marking    ] GC(4) Concurrent Scan Root Regions
[2022-03-18T17:56:08.833-0700][gc,marking    ] GC(4) Concurrent Scan Root Regions 0.802ms
[2022-03-18T17:56:08.833-0700][gc,marking    ] GC(4) Concurrent Mark (3.792s)
[2022-03-18T17:56:08.833-0700][gc,marking    ] GC(4) Concurrent Mark From Roots
[2022-03-18T17:56:08.833-0700][gc,task       ] GC(4) Using 3 workers of 3 for marking
[2022-03-18T17:56:08.835-0700][gc,marking    ] GC(4) Concurrent Mark From Roots 2.389ms
[2022-03-18T17:56:08.835-0700][gc,marking    ] GC(4) Concurrent Preclean
[2022-03-18T17:56:08.835-0700][gc,marking    ] GC(4) Concurrent Preclean 0.044ms
[2022-03-18T17:56:08.835-0700][gc,marking    ] GC(4) Concurrent Mark (3.792s, 3.794s) 2.467ms
[2022-03-18T17:56:08.835-0700][gc,start      ] GC(4) Pause Remark
[2022-03-18T17:56:08.836-0700][gc,stringtable] GC(4) Cleaned string and symbol table, strings: 10783 processed, 9 removed, symbols: 95582 processed, 24 removed
[2022-03-18T17:56:08.837-0700][gc            ] GC(4) Pause Remark 139M->139M(1024M) 1.297ms
[2022-03-18T17:56:08.837-0700][gc,cpu        ] GC(4) User=0.01s Sys=0.00s Real=0.00s
[2022-03-18T17:56:08.837-0700][gc,marking    ] GC(4) Concurrent Rebuild Remembered Sets
[2022-03-18T17:56:08.838-0700][gc,marking    ] GC(4) Concurrent Rebuild Remembered Sets 1.565ms
[2022-03-18T17:56:08.838-0700][gc,start      ] GC(4) Pause Cleanup
[2022-03-18T17:56:08.838-0700][gc            ] GC(4) Pause Cleanup 139M->139M(1024M) 0.079ms
[2022-03-18T17:56:08.838-0700][gc,cpu        ] GC(4) User=0.00s Sys=0.00s Real=0.00s
[2022-03-18T17:56:08.838-0700][gc,marking    ] GC(4) Concurrent Cleanup for Next Mark
[2022-03-18T17:56:08.844-0700][gc,marking    ] GC(4) Concurrent Cleanup for Next Mark 5.521ms
[2022-03-18T17:56:08.844-0700][gc            ] GC(4) Concurrent Cycle 12.156ms
[2022-03-18T17:56:09.381-0700][gc,start      ] GC(5) Pause Young (Normal) (G1 Evacuation Pause)
[2022-03-18T17:56:09.381-0700][gc,task       ] GC(5) Using 10 workers of 10 for evacuation
[2022-03-18T17:56:09.386-0700][gc,phases     ] GC(5)   Pre Evacuate Collection Set: 0.0ms
[2022-03-18T17:56:09.386-0700][gc,phases     ] GC(5)   Evacuate Collection Set: 4.4ms
[2022-03-18T17:56:09.386-0700][gc,phases     ] GC(5)   Post Evacuate Collection Set: 0.9ms
[2022-03-18T17:56:09.386-0700][gc,phases     ] GC(5)   Other: 0.2ms
[2022-03-18T17:56:09.386-0700][gc,heap       ] GC(5) Eden regions: 47->0(44)
[2022-03-18T17:56:09.386-0700][gc,heap       ] GC(5) Survivor regions: 4->7(7)
[2022-03-18T17:56:09.386-0700][gc,heap       ] GC(5) Old regions: 7->7
[2022-03-18T17:56:09.386-0700][gc,heap       ] GC(5) Humongous regions: 129->129
[2022-03-18T17:56:09.386-0700][gc,metaspace  ] GC(5) Metaspace: 42958K->42958K(1089536K)
[2022-03-18T17:56:09.386-0700][gc            ] GC(5) Pause Young (Normal) (G1 Evacuation Pause) 185M->142M(1024M) 5.598ms
[2022-03-18T17:56:09.386-0700][gc,cpu        ] GC(5) User=0.04s Sys=0.01s Real=0.00s
[2022-03-18T18:00:40.273-0700][gc,start      ] GC(6) Pause Young (Normal) (G1 Evacuation Pause)
[2022-03-18T18:00:40.274-0700][gc,task       ] GC(6) Using 10 workers of 10 for evacuation
[2022-03-18T18:00:40.338-0700][gc,mmu        ] GC(6) MMU target violated: 21.0ms (20.0ms/21.0ms)
[2022-03-18T18:00:40.338-0700][gc,phases     ] GC(6)   Pre Evacuate Collection Set: 6.1ms
[2022-03-18T18:00:40.338-0700][gc,phases     ] GC(6)   Evacuate Collection Set: 50.6ms
[2022-03-18T18:00:40.338-0700][gc,phases     ] GC(6)   Post Evacuate Collection Set: 1.2ms
[2022-03-18T18:00:40.338-0700][gc,phases     ] GC(6)   Other: 8.1ms
[2022-03-18T18:00:40.338-0700][gc,heap       ] GC(6) Eden regions: 44->0(48)
[2022-03-18T18:00:40.338-0700][gc,heap       ] GC(6) Survivor regions: 7->3(7)
[2022-03-18T18:00:40.338-0700][gc,heap       ] GC(6) Old regions: 7->14
[2022-03-18T18:00:40.338-0700][gc,heap       ] GC(6) Humongous regions: 135->129
[2022-03-18T18:00:40.338-0700][gc,metaspace  ] GC(6) Metaspace: 49793K->49793K(1093632K)
[2022-03-18T18:00:40.338-0700][gc            ] GC(6) Pause Young (Normal) (G1 Evacuation Pause) 192M->144M(1024M) 64.791ms
[2022-03-18T18:00:40.338-0700][gc,cpu        ] GC(6) User=0.05s Sys=0.20s Real=0.06s
[2022-03-18T18:15:59.300-0700][gc,start      ] GC(7) Pause Young (Normal) (G1 Evacuation Pause)
[2022-03-18T18:15:59.301-0700][gc,task       ] GC(7) Using 10 workers of 10 for evacuation
[2022-03-18T18:15:59.374-0700][gc,mmu        ] GC(7) MMU target violated: 21.0ms (20.0ms/21.0ms)
[2022-03-18T18:15:59.374-0700][gc,phases     ] GC(7)   Pre Evacuate Collection Set: 5.2ms
[2022-03-18T18:15:59.374-0700][gc,phases     ] GC(7)   Evacuate Collection Set: 60.6ms
[2022-03-18T18:15:59.374-0700][gc,phases     ] GC(7)   Post Evacuate Collection Set: 1.1ms
[2022-03-18T18:15:59.374-0700][gc,phases     ] GC(7)   Other: 7.1ms
[2022-03-18T18:15:59.374-0700][gc,heap       ] GC(7) Eden regions: 48->0(46)
[2022-03-18T18:15:59.374-0700][gc,heap       ] GC(7) Survivor regions: 3->5(7)
[2022-03-18T18:15:59.374-0700][gc,heap       ] GC(7) Old regions: 14->14
[2022-03-18T18:15:59.374-0700][gc,heap       ] GC(7) Humongous regions: 129->129
[2022-03-18T18:15:59.374-0700][gc,metaspace  ] GC(7) Metaspace: 51136K->51136K(1095680K)
[2022-03-18T18:15:59.375-0700][gc            ] GC(7) Pause Young (Normal) (G1 Evacuation Pause) 192M->146M(1024M) 74.543ms
[2022-03-18T18:15:59.375-0700][gc,cpu        ] GC(7) User=0.03s Sys=0.16s Real=0.07s
[2022-03-18T18:31:15.313-0700][gc,start      ] GC(8) Pause Young (Normal) (G1 Evacuation Pause)
[2022-03-18T18:31:15.314-0700][gc,task       ] GC(8) Using 10 workers of 10 for evacuation
[2022-03-18T18:31:15.383-0700][gc,mmu        ] GC(8) MMU target violated: 21.0ms (20.0ms/21.0ms)
[2022-03-18T18:31:15.383-0700][gc,phases     ] GC(8)   Pre Evacuate Collection Set: 3.7ms
[2022-03-18T18:31:15.383-0700][gc,phases     ] GC(8)   Evacuate Collection Set: 54.2ms
[2022-03-18T18:31:15.383-0700][gc,phases     ] GC(8)   Post Evacuate Collection Set: 8.0ms
[2022-03-18T18:31:15.383-0700][gc,phases     ] GC(8)   Other: 5.7ms
[2022-03-18T18:31:15.383-0700][gc,heap       ] GC(8) Eden regions: 46->0(48)
[2022-03-18T18:31:15.383-0700][gc,heap       ] GC(8) Survivor regions: 5->3(7)
[2022-03-18T18:31:15.383-0700][gc,heap       ] GC(8) Old regions: 14->16
[2022-03-18T18:31:15.383-0700][gc,heap       ] GC(8) Humongous regions: 129->129
[2022-03-18T18:31:15.383-0700][gc,metaspace  ] GC(8) Metaspace: 51322K->51322K(1095680K)
[2022-03-18T18:31:15.383-0700][gc            ] GC(8) Pause Young (Normal) (G1 Evacuation Pause) 192M->146M(1024M) 70.502ms
[2022-03-18T18:31:15.383-0700][gc,cpu        ] GC(8) User=0.12s Sys=0.13s Real=0.07s
[2022-03-18T18:31:39.496-0700][gc,heap,exit  ] Heap
[2022-03-18T18:31:39.496-0700][gc,heap,exit  ]  garbage-first heap   total 1048576K, used 160904K [0x00000007c0000000, 0x0000000800000000)
[2022-03-18T18:31:39.496-0700][gc,heap,exit  ]   region size 1024K, 15 young (15360K), 3 survivors (3072K)
[2022-03-18T18:31:39.496-0700][gc,heap,exit  ]  Metaspace       used 52128K, capacity 54925K, committed 54992K, reserved 1097728K
[2022-03-18T18:31:39.496-0700][gc,heap,exit  ]   class space    used 6444K, capacity 7802K, committed 7808K, reserved 1048576K
