[2022-03-20T09:15:18.772-0700][gc,heap] Heap region size: 1M
[2022-03-20T09:15:18.780-0700][gc     ] Using G1
[2022-03-20T09:15:18.780-0700][gc,heap,coops] Heap address: 0x00000007c0000000, size: 1024 MB, Compressed Oops mode: Zero based, Oop shift amount: 3
[2022-03-20T09:15:19.640-0700][gc,start     ] GC(0) Pause Young (Concurrent Start) (Metadata GC Threshold)
[2022-03-20T09:15:19.641-0700][gc,task      ] GC(0) Using 10 workers of 10 for evacuation
[2022-03-20T09:15:19.650-0700][gc,phases    ] GC(0)   Pre Evacuate Collection Set: 0.0ms
[2022-03-20T09:15:19.650-0700][gc,phases    ] GC(0)   Evacuate Collection Set: 8.6ms
[2022-03-20T09:15:19.650-0700][gc,phases    ] GC(0)   Post Evacuate Collection Set: 0.6ms
[2022-03-20T09:15:19.650-0700][gc,phases    ] GC(0)   Other: 0.9ms
[2022-03-20T09:15:19.650-0700][gc,heap      ] GC(0) Eden regions: 45->0(44)
[2022-03-20T09:15:19.650-0700][gc,heap      ] GC(0) Survivor regions: 0->7(7)
[2022-03-20T09:15:19.650-0700][gc,heap      ] GC(0) Old regions: 0->0
[2022-03-20T09:15:19.651-0700][gc,heap      ] GC(0) Humongous regions: 0->0
[2022-03-20T09:15:19.651-0700][gc,metaspace ] GC(0) Metaspace: 20858K->20858K(1069056K)
[2022-03-20T09:15:19.651-0700][gc           ] GC(0) Pause Young (Concurrent Start) (Metadata GC Threshold) 44M->6M(1024M) 10.251ms
[2022-03-20T09:15:19.651-0700][gc,cpu       ] GC(0) User=0.02s Sys=0.00s Real=0.01s
[2022-03-20T09:15:19.651-0700][gc           ] GC(1) Concurrent Cycle
[2022-03-20T09:15:19.651-0700][gc,marking   ] GC(1) Concurrent Clear Claimed Marks
[2022-03-20T09:15:19.651-0700][gc,marking   ] GC(1) Concurrent Clear Claimed Marks 0.034ms
[2022-03-20T09:15:19.651-0700][gc,marking   ] GC(1) Concurrent Scan Root Regions
[2022-03-20T09:15:19.653-0700][gc,marking   ] GC(1) Concurrent Scan Root Regions 1.958ms
[2022-03-20T09:15:19.653-0700][gc,marking   ] GC(1) Concurrent Mark (0.890s)
[2022-03-20T09:15:19.653-0700][gc,marking   ] GC(1) Concurrent Mark From Roots
[2022-03-20T09:15:19.653-0700][gc,task      ] GC(1) Using 3 workers of 3 for marking
[2022-03-20T09:15:19.653-0700][gc,marking   ] GC(1) Concurrent Mark From Roots 0.320ms
[2022-03-20T09:15:19.653-0700][gc,marking   ] GC(1) Concurrent Preclean
[2022-03-20T09:15:19.653-0700][gc,marking   ] GC(1) Concurrent Preclean 0.068ms
[2022-03-20T09:15:19.653-0700][gc,marking   ] GC(1) Concurrent Mark (0.890s, 0.891s) 0.475ms
[2022-03-20T09:15:19.653-0700][gc,start     ] GC(1) Pause Remark
[2022-03-20T09:15:19.655-0700][gc,stringtable] GC(1) Cleaned string and symbol table, strings: 7251 processed, 0 removed, symbols: 63869 processed, 32 removed
[2022-03-20T09:15:19.656-0700][gc            ] GC(1) Pause Remark 7M->7M(1024M) 2.313ms
[2022-03-20T09:15:19.656-0700][gc,cpu        ] GC(1) User=0.01s Sys=0.00s Real=0.00s
[2022-03-20T09:15:19.656-0700][gc,marking    ] GC(1) Concurrent Rebuild Remembered Sets
[2022-03-20T09:15:19.656-0700][gc,marking    ] GC(1) Concurrent Rebuild Remembered Sets 0.154ms
[2022-03-20T09:15:19.656-0700][gc,start      ] GC(1) Pause Cleanup
[2022-03-20T09:15:19.656-0700][gc            ] GC(1) Pause Cleanup 7M->7M(1024M) 0.106ms
[2022-03-20T09:15:19.656-0700][gc,cpu        ] GC(1) User=0.00s Sys=0.00s Real=0.00s
[2022-03-20T09:15:19.656-0700][gc,marking    ] GC(1) Concurrent Cleanup for Next Mark
[2022-03-20T09:15:19.662-0700][gc,marking    ] GC(1) Concurrent Cleanup for Next Mark 5.863ms
[2022-03-20T09:15:19.662-0700][gc            ] GC(1) Concurrent Cycle 11.741ms
[2022-03-20T09:15:20.979-0700][gc,start      ] GC(2) Pause Young (Normal) (G1 Evacuation Pause)
[2022-03-20T09:15:20.979-0700][gc,task       ] GC(2) Using 10 workers of 10 for evacuation
[2022-03-20T09:15:20.988-0700][gc,phases     ] GC(2)   Pre Evacuate Collection Set: 0.1ms
[2022-03-20T09:15:20.988-0700][gc,phases     ] GC(2)   Evacuate Collection Set: 8.4ms
[2022-03-20T09:15:20.988-0700][gc,phases     ] GC(2)   Post Evacuate Collection Set: 0.8ms
[2022-03-20T09:15:20.989-0700][gc,phases     ] GC(2)   Other: 0.2ms
[2022-03-20T09:15:20.989-0700][gc,heap       ] GC(2) Eden regions: 44->0(49)
[2022-03-20T09:15:20.989-0700][gc,heap       ] GC(2) Survivor regions: 7->2(7)
[2022-03-20T09:15:20.989-0700][gc,heap       ] GC(2) Old regions: 0->7
[2022-03-20T09:15:20.989-0700][gc,heap       ] GC(2) Humongous regions: 0->0
[2022-03-20T09:15:20.989-0700][gc,metaspace  ] GC(2) Metaspace: 30556K->30556K(1077248K)
[2022-03-20T09:15:20.989-0700][gc            ] GC(2) Pause Young (Normal) (G1 Evacuation Pause) 50M->8M(1024M) 9.598ms
[2022-03-20T09:15:20.989-0700][gc,cpu        ] GC(2) User=0.06s Sys=0.02s Real=0.01s
[2022-03-20T09:15:22.773-0700][gc,start      ] GC(3) Pause Young (Concurrent Start) (Metadata GC Threshold)
[2022-03-20T09:15:22.773-0700][gc,task       ] GC(3) Using 10 workers of 10 for evacuation
[2022-03-20T09:15:22.775-0700][gc,phases     ] GC(3)   Pre Evacuate Collection Set: 0.1ms
[2022-03-20T09:15:22.775-0700][gc,phases     ] GC(3)   Evacuate Collection Set: 1.7ms
[2022-03-20T09:15:22.775-0700][gc,phases     ] GC(3)   Post Evacuate Collection Set: 0.2ms
[2022-03-20T09:15:22.775-0700][gc,phases     ] GC(3)   Other: 0.1ms
[2022-03-20T09:15:22.775-0700][gc,heap       ] GC(3) Eden regions: 28->0(47)
[2022-03-20T09:15:22.775-0700][gc,heap       ] GC(3) Survivor regions: 2->4(7)
[2022-03-20T09:15:22.775-0700][gc,heap       ] GC(3) Old regions: 7->7
[2022-03-20T09:15:22.775-0700][gc,heap       ] GC(3) Humongous regions: 129->129
[2022-03-20T09:15:22.775-0700][gc,metaspace  ] GC(3) Metaspace: 34938K->34938K(1081344K)
[2022-03-20T09:15:22.775-0700][gc            ] GC(3) Pause Young (Concurrent Start) (Metadata GC Threshold) 165M->138M(1024M) 2.115ms
[2022-03-20T09:15:22.775-0700][gc,cpu        ] GC(3) User=0.01s Sys=0.00s Real=0.00s
[2022-03-20T09:15:22.775-0700][gc            ] GC(4) Concurrent Cycle
[2022-03-20T09:15:22.775-0700][gc,marking    ] GC(4) Concurrent Clear Claimed Marks
[2022-03-20T09:15:22.775-0700][gc,marking    ] GC(4) Concurrent Clear Claimed Marks 0.018ms
[2022-03-20T09:15:22.775-0700][gc,marking    ] GC(4) Concurrent Scan Root Regions
[2022-03-20T09:15:22.776-0700][gc,marking    ] GC(4) Concurrent Scan Root Regions 0.702ms
[2022-03-20T09:15:22.776-0700][gc,marking    ] GC(4) Concurrent Mark (4.013s)
[2022-03-20T09:15:22.776-0700][gc,marking    ] GC(4) Concurrent Mark From Roots
[2022-03-20T09:15:22.776-0700][gc,task       ] GC(4) Using 3 workers of 3 for marking
[2022-03-20T09:15:22.778-0700][gc,marking    ] GC(4) Concurrent Mark From Roots 2.330ms
[2022-03-20T09:15:22.778-0700][gc,marking    ] GC(4) Concurrent Preclean
[2022-03-20T09:15:22.778-0700][gc,marking    ] GC(4) Concurrent Preclean 0.041ms
[2022-03-20T09:15:22.778-0700][gc,marking    ] GC(4) Concurrent Mark (4.013s, 4.015s) 2.404ms
[2022-03-20T09:15:22.778-0700][gc,start      ] GC(4) Pause Remark
[2022-03-20T09:15:22.779-0700][gc,stringtable] GC(4) Cleaned string and symbol table, strings: 10779 processed, 9 removed, symbols: 95551 processed, 24 removed
[2022-03-20T09:15:22.779-0700][gc            ] GC(4) Pause Remark 139M->139M(1024M) 1.200ms
[2022-03-20T09:15:22.779-0700][gc,cpu        ] GC(4) User=0.01s Sys=0.00s Real=0.00s
[2022-03-20T09:15:22.779-0700][gc,marking    ] GC(4) Concurrent Rebuild Remembered Sets
[2022-03-20T09:15:22.781-0700][gc,marking    ] GC(4) Concurrent Rebuild Remembered Sets 1.644ms
[2022-03-20T09:15:22.781-0700][gc,start      ] GC(4) Pause Cleanup
[2022-03-20T09:15:22.781-0700][gc            ] GC(4) Pause Cleanup 139M->139M(1024M) 0.084ms
[2022-03-20T09:15:22.781-0700][gc,cpu        ] GC(4) User=0.00s Sys=0.00s Real=0.00s
[2022-03-20T09:15:22.781-0700][gc,marking    ] GC(4) Concurrent Cleanup for Next Mark
[2022-03-20T09:15:22.786-0700][gc,marking    ] GC(4) Concurrent Cleanup for Next Mark 4.366ms
[2022-03-20T09:15:22.786-0700][gc            ] GC(4) Concurrent Cycle 10.716ms
[2022-03-20T09:15:27.649-0700][gc,heap,exit  ] Heap
[2022-03-20T09:15:27.649-0700][gc,heap,exit  ]  garbage-first heap   total 1048576K, used 185145K [0x00000007c0000000, 0x0000000800000000)
[2022-03-20T09:15:27.649-0700][gc,heap,exit  ]   region size 1024K, 47 young (48128K), 4 survivors (4096K)
[2022-03-20T09:15:27.649-0700][gc,heap,exit  ]  Metaspace       used 40915K, capacity 42284K, committed 42320K, reserved 1087488K
[2022-03-20T09:15:27.649-0700][gc,heap,exit  ]   class space    used 4729K, capacity 5364K, committed 5376K, reserved 1048576K
