[2022-03-18T11:51:24.920-0700][gc,heap] Heap region size: 1M
[2022-03-18T11:51:24.929-0700][gc     ] Using G1
[2022-03-18T11:51:24.929-0700][gc,heap,coops] Heap address: 0x00000007c0000000, size: 1024 MB, Compressed Oops mode: Zero based, Oop shift amount: 3
[2022-03-18T11:51:25.868-0700][gc,start     ] GC(0) Pause Young (Concurrent Start) (Metadata GC Threshold)
[2022-03-18T11:51:25.869-0700][gc,task      ] GC(0) Using 10 workers of 10 for evacuation
[2022-03-18T11:51:25.879-0700][gc,phases    ] GC(0)   Pre Evacuate Collection Set: 0.1ms
[2022-03-18T11:51:25.879-0700][gc,phases    ] GC(0)   Evacuate Collection Set: 8.7ms
[2022-03-18T11:51:25.879-0700][gc,phases    ] GC(0)   Post Evacuate Collection Set: 0.5ms
[2022-03-18T11:51:25.879-0700][gc,phases    ] GC(0)   Other: 1.3ms
[2022-03-18T11:51:25.879-0700][gc,heap      ] GC(0) Eden regions: 44->0(44)
[2022-03-18T11:51:25.879-0700][gc,heap      ] GC(0) Survivor regions: 0->7(7)
[2022-03-18T11:51:25.879-0700][gc,heap      ] GC(0) Old regions: 0->0
[2022-03-18T11:51:25.879-0700][gc,heap      ] GC(0) Humongous regions: 0->0
[2022-03-18T11:51:25.879-0700][gc,metaspace ] GC(0) Metaspace: 20749K->20749K(1069056K)
[2022-03-18T11:51:25.879-0700][gc           ] GC(0) Pause Young (Concurrent Start) (Metadata GC Threshold) 44M->6M(1024M) 10.777ms
[2022-03-18T11:51:25.879-0700][gc,cpu       ] GC(0) User=0.03s Sys=0.01s Real=0.01s
[2022-03-18T11:51:25.879-0700][gc           ] GC(1) Concurrent Cycle
[2022-03-18T11:51:25.879-0700][gc,marking   ] GC(1) Concurrent Clear Claimed Marks
[2022-03-18T11:51:25.879-0700][gc,marking   ] GC(1) Concurrent Clear Claimed Marks 0.037ms
[2022-03-18T11:51:25.879-0700][gc,marking   ] GC(1) Concurrent Scan Root Regions
[2022-03-18T11:51:25.881-0700][gc,marking   ] GC(1) Concurrent Scan Root Regions 2.050ms
[2022-03-18T11:51:25.881-0700][gc,marking   ] GC(1) Concurrent Mark (0.969s)
[2022-03-18T11:51:25.881-0700][gc,marking   ] GC(1) Concurrent Mark From Roots
[2022-03-18T11:51:25.882-0700][gc,task      ] GC(1) Using 3 workers of 3 for marking
[2022-03-18T11:51:25.882-0700][gc,marking   ] GC(1) Concurrent Mark From Roots 0.272ms
[2022-03-18T11:51:25.882-0700][gc,marking   ] GC(1) Concurrent Preclean
[2022-03-18T11:51:25.882-0700][gc,marking   ] GC(1) Concurrent Preclean 0.039ms
[2022-03-18T11:51:25.882-0700][gc,marking   ] GC(1) Concurrent Mark (0.969s, 0.969s) 0.374ms
[2022-03-18T11:51:25.882-0700][gc,start     ] GC(1) Pause Remark
[2022-03-18T11:51:25.884-0700][gc,stringtable] GC(1) Cleaned string and symbol table, strings: 7236 processed, 0 removed, symbols: 63773 processed, 32 removed
[2022-03-18T11:51:25.885-0700][gc            ] GC(1) Pause Remark 7M->7M(1024M) 2.675ms
[2022-03-18T11:51:25.885-0700][gc,cpu        ] GC(1) User=0.01s Sys=0.00s Real=0.00s
[2022-03-18T11:51:25.885-0700][gc,marking    ] GC(1) Concurrent Rebuild Remembered Sets
[2022-03-18T11:51:25.885-0700][gc,marking    ] GC(1) Concurrent Rebuild Remembered Sets 0.088ms
[2022-03-18T11:51:25.885-0700][gc,start      ] GC(1) Pause Cleanup
[2022-03-18T11:51:25.885-0700][gc            ] GC(1) Pause Cleanup 7M->7M(1024M) 0.138ms
[2022-03-18T11:51:25.885-0700][gc,cpu        ] GC(1) User=0.00s Sys=0.00s Real=0.00s
[2022-03-18T11:51:25.885-0700][gc,marking    ] GC(1) Concurrent Cleanup for Next Mark
[2022-03-18T11:51:25.893-0700][gc,marking    ] GC(1) Concurrent Cleanup for Next Mark 7.590ms
[2022-03-18T11:51:25.893-0700][gc            ] GC(1) Concurrent Cycle 13.510ms
[2022-03-18T11:51:26.900-0700][gc,start      ] GC(2) Pause Young (Normal) (G1 Evacuation Pause)
[2022-03-18T11:51:26.900-0700][gc,task       ] GC(2) Using 10 workers of 10 for evacuation
[2022-03-18T11:51:26.907-0700][gc,phases     ] GC(2)   Pre Evacuate Collection Set: 0.0ms
[2022-03-18T11:51:26.907-0700][gc,phases     ] GC(2)   Evacuate Collection Set: 6.4ms
[2022-03-18T11:51:26.907-0700][gc,phases     ] GC(2)   Post Evacuate Collection Set: 0.5ms
[2022-03-18T11:51:26.908-0700][gc,phases     ] GC(2)   Other: 0.2ms
[2022-03-18T11:51:26.908-0700][gc,heap       ] GC(2) Eden regions: 44->0(49)
[2022-03-18T11:51:26.908-0700][gc,heap       ] GC(2) Survivor regions: 7->2(7)
[2022-03-18T11:51:26.908-0700][gc,heap       ] GC(2) Old regions: 0->7
[2022-03-18T11:51:26.908-0700][gc,heap       ] GC(2) Humongous regions: 0->0
[2022-03-18T11:51:26.908-0700][gc,metaspace  ] GC(2) Metaspace: 30491K->30491K(1077248K)
[2022-03-18T11:51:26.908-0700][gc            ] GC(2) Pause Young (Normal) (G1 Evacuation Pause) 50M->8M(1024M) 7.420ms
[2022-03-18T11:51:26.908-0700][gc,cpu        ] GC(2) User=0.04s Sys=0.02s Real=0.00s
[2022-03-18T11:51:27.657-0700][gc,start      ] GC(3) Pause Young (Concurrent Start) (Metadata GC Threshold)
[2022-03-18T11:51:27.657-0700][gc,task       ] GC(3) Using 10 workers of 10 for evacuation
[2022-03-18T11:51:27.659-0700][gc,phases     ] GC(3)   Pre Evacuate Collection Set: 0.1ms
[2022-03-18T11:51:27.659-0700][gc,phases     ] GC(3)   Evacuate Collection Set: 1.9ms
[2022-03-18T11:51:27.659-0700][gc,phases     ] GC(3)   Post Evacuate Collection Set: 0.2ms
[2022-03-18T11:51:27.659-0700][gc,phases     ] GC(3)   Other: 0.2ms
[2022-03-18T11:51:27.659-0700][gc,heap       ] GC(3) Eden regions: 27->0(47)
[2022-03-18T11:51:27.659-0700][gc,heap       ] GC(3) Survivor regions: 2->4(7)
[2022-03-18T11:51:27.659-0700][gc,heap       ] GC(3) Old regions: 7->7
[2022-03-18T11:51:27.659-0700][gc,heap       ] GC(3) Humongous regions: 129->129
[2022-03-18T11:51:27.659-0700][gc,metaspace  ] GC(3) Metaspace: 34941K->34941K(1081344K)
[2022-03-18T11:51:27.659-0700][gc            ] GC(3) Pause Young (Concurrent Start) (Metadata GC Threshold) 163M->138M(1024M) 2.394ms
[2022-03-18T11:51:27.659-0700][gc,cpu        ] GC(3) User=0.02s Sys=0.00s Real=0.00s
[2022-03-18T11:51:27.659-0700][gc            ] GC(4) Concurrent Cycle
[2022-03-18T11:51:27.659-0700][gc,marking    ] GC(4) Concurrent Clear Claimed Marks
[2022-03-18T11:51:27.659-0700][gc,marking    ] GC(4) Concurrent Clear Claimed Marks 0.018ms
[2022-03-18T11:51:27.660-0700][gc,marking    ] GC(4) Concurrent Scan Root Regions
[2022-03-18T11:51:27.660-0700][gc,marking    ] GC(4) Concurrent Scan Root Regions 0.927ms
[2022-03-18T11:51:27.660-0700][gc,marking    ] GC(4) Concurrent Mark (2.748s)
[2022-03-18T11:51:27.660-0700][gc,marking    ] GC(4) Concurrent Mark From Roots
[2022-03-18T11:51:27.660-0700][gc,task       ] GC(4) Using 3 workers of 3 for marking
[2022-03-18T11:51:27.663-0700][gc,marking    ] GC(4) Concurrent Mark From Roots 2.366ms
[2022-03-18T11:51:27.663-0700][gc,marking    ] GC(4) Concurrent Preclean
[2022-03-18T11:51:27.663-0700][gc,marking    ] GC(4) Concurrent Preclean 0.055ms
[2022-03-18T11:51:27.663-0700][gc,marking    ] GC(4) Concurrent Mark (2.748s, 2.750s) 2.462ms
[2022-03-18T11:51:27.663-0700][gc,start      ] GC(4) Pause Remark
[2022-03-18T11:51:27.665-0700][gc,stringtable] GC(4) Cleaned string and symbol table, strings: 10765 processed, 8 removed, symbols: 95668 processed, 24 removed
[2022-03-18T11:51:27.665-0700][gc            ] GC(4) Pause Remark 139M->139M(1024M) 1.936ms
[2022-03-18T11:51:27.665-0700][gc,cpu        ] GC(4) User=0.01s Sys=0.00s Real=0.00s
[2022-03-18T11:51:27.665-0700][gc,marking    ] GC(4) Concurrent Rebuild Remembered Sets
[2022-03-18T11:51:27.667-0700][gc,marking    ] GC(4) Concurrent Rebuild Remembered Sets 1.723ms
[2022-03-18T11:51:27.667-0700][gc,start      ] GC(4) Pause Cleanup
[2022-03-18T11:51:27.667-0700][gc            ] GC(4) Pause Cleanup 140M->140M(1024M) 0.120ms
[2022-03-18T11:51:27.667-0700][gc,cpu        ] GC(4) User=0.00s Sys=0.00s Real=0.00s
[2022-03-18T11:51:27.667-0700][gc,marking    ] GC(4) Concurrent Cleanup for Next Mark
[2022-03-18T11:51:27.673-0700][gc,marking    ] GC(4) Concurrent Cleanup for Next Mark 6.042ms
[2022-03-18T11:51:27.673-0700][gc            ] GC(4) Concurrent Cycle 13.750ms
[2022-03-18T11:51:28.252-0700][gc,start      ] GC(5) Pause Young (Normal) (G1 Evacuation Pause)
[2022-03-18T11:51:28.252-0700][gc,task       ] GC(5) Using 10 workers of 10 for evacuation
[2022-03-18T11:51:28.262-0700][gc,phases     ] GC(5)   Pre Evacuate Collection Set: 0.0ms
[2022-03-18T11:51:28.262-0700][gc,phases     ] GC(5)   Evacuate Collection Set: 9.6ms
[2022-03-18T11:51:28.262-0700][gc,phases     ] GC(5)   Post Evacuate Collection Set: 0.5ms
[2022-03-18T11:51:28.263-0700][gc,phases     ] GC(5)   Other: 0.4ms
[2022-03-18T11:51:28.263-0700][gc,heap       ] GC(5) Eden regions: 47->0(44)
[2022-03-18T11:51:28.263-0700][gc,heap       ] GC(5) Survivor regions: 4->7(7)
[2022-03-18T11:51:28.263-0700][gc,heap       ] GC(5) Old regions: 7->7
[2022-03-18T11:51:28.263-0700][gc,heap       ] GC(5) Humongous regions: 129->129
[2022-03-18T11:51:28.263-0700][gc,metaspace  ] GC(5) Metaspace: 42871K->42871K(1089536K)
[2022-03-18T11:51:28.263-0700][gc            ] GC(5) Pause Young (Normal) (G1 Evacuation Pause) 185M->142M(1024M) 10.802ms
[2022-03-18T11:51:28.263-0700][gc,cpu        ] GC(5) User=0.05s Sys=0.00s Real=0.01s
[2022-03-18T11:56:12.961-0700][gc,start      ] GC(6) Pause Young (Normal) (G1 Evacuation Pause)
[2022-03-18T11:56:12.961-0700][gc,task       ] GC(6) Using 10 workers of 10 for evacuation
[2022-03-18T11:56:13.011-0700][gc,mmu        ] GC(6) MMU target violated: 21.0ms (20.0ms/21.0ms)
[2022-03-18T11:56:13.011-0700][gc,phases     ] GC(6)   Pre Evacuate Collection Set: 1.6ms
[2022-03-18T11:56:13.011-0700][gc,phases     ] GC(6)   Evacuate Collection Set: 45.8ms
[2022-03-18T11:56:13.011-0700][gc,phases     ] GC(6)   Post Evacuate Collection Set: 2.0ms
[2022-03-18T11:56:13.011-0700][gc,phases     ] GC(6)   Other: 0.7ms
[2022-03-18T11:56:13.011-0700][gc,heap       ] GC(6) Eden regions: 44->0(48)
[2022-03-18T11:56:13.011-0700][gc,heap       ] GC(6) Survivor regions: 7->3(7)
[2022-03-18T11:56:13.011-0700][gc,heap       ] GC(6) Old regions: 7->13
[2022-03-18T11:56:13.011-0700][gc,heap       ] GC(6) Humongous regions: 135->129
[2022-03-18T11:56:13.011-0700][gc,metaspace  ] GC(6) Metaspace: 49630K->49630K(1093632K)
[2022-03-18T11:56:13.011-0700][gc            ] GC(6) Pause Young (Normal) (G1 Evacuation Pause) 192M->144M(1024M) 50.174ms
[2022-03-18T11:56:13.012-0700][gc,cpu        ] GC(6) User=0.07s Sys=0.19s Real=0.05s
[2022-03-18T12:10:19.954-0700][gc,start      ] GC(7) Pause Young (Normal) (G1 Evacuation Pause)
[2022-03-18T12:10:19.954-0700][gc,task       ] GC(7) Using 10 workers of 10 for evacuation
[2022-03-18T12:10:19.980-0700][gc,mmu        ] GC(7) MMU target violated: 21.0ms (20.0ms/21.0ms)
[2022-03-18T12:10:19.980-0700][gc,phases     ] GC(7)   Pre Evacuate Collection Set: 1.7ms
[2022-03-18T12:10:19.980-0700][gc,phases     ] GC(7)   Evacuate Collection Set: 20.1ms
[2022-03-18T12:10:19.980-0700][gc,phases     ] GC(7)   Post Evacuate Collection Set: 3.6ms
[2022-03-18T12:10:19.980-0700][gc,phases     ] GC(7)   Other: 1.0ms
[2022-03-18T12:10:19.980-0700][gc,heap       ] GC(7) Eden regions: 48->0(46)
[2022-03-18T12:10:19.980-0700][gc,heap       ] GC(7) Survivor regions: 3->5(7)
[2022-03-18T12:10:19.980-0700][gc,heap       ] GC(7) Old regions: 13->13
[2022-03-18T12:10:19.980-0700][gc,heap       ] GC(7) Humongous regions: 129->129
[2022-03-18T12:10:19.980-0700][gc,metaspace  ] GC(7) Metaspace: 50838K->50838K(1095680K)
[2022-03-18T12:10:19.981-0700][gc            ] GC(7) Pause Young (Normal) (G1 Evacuation Pause) 192M->146M(1024M) 26.861ms
[2022-03-18T12:10:19.981-0700][gc,cpu        ] GC(7) User=0.03s Sys=0.10s Real=0.03s
[2022-03-18T12:24:44.519-0700][gc,start      ] GC(8) Pause Young (Normal) (G1 Evacuation Pause)
[2022-03-18T12:24:44.519-0700][gc,task       ] GC(8) Using 10 workers of 10 for evacuation
[2022-03-18T12:24:44.570-0700][gc,mmu        ] GC(8) MMU target violated: 21.0ms (20.0ms/21.0ms)
[2022-03-18T12:24:44.570-0700][gc,phases     ] GC(8)   Pre Evacuate Collection Set: 4.3ms
[2022-03-18T12:24:44.570-0700][gc,phases     ] GC(8)   Evacuate Collection Set: 44.5ms
[2022-03-18T12:24:44.570-0700][gc,phases     ] GC(8)   Post Evacuate Collection Set: 0.6ms
[2022-03-18T12:24:44.570-0700][gc,phases     ] GC(8)   Other: 2.8ms
[2022-03-18T12:24:44.570-0700][gc,heap       ] GC(8) Eden regions: 46->0(48)
[2022-03-18T12:24:44.570-0700][gc,heap       ] GC(8) Survivor regions: 5->3(7)
[2022-03-18T12:24:44.570-0700][gc,heap       ] GC(8) Old regions: 13->15
[2022-03-18T12:24:44.570-0700][gc,heap       ] GC(8) Humongous regions: 129->129
[2022-03-18T12:24:44.570-0700][gc,metaspace  ] GC(8) Metaspace: 50948K->50948K(1095680K)
[2022-03-18T12:24:44.570-0700][gc            ] GC(8) Pause Young (Normal) (G1 Evacuation Pause) 192M->146M(1024M) 51.459ms
[2022-03-18T12:24:44.570-0700][gc,cpu        ] GC(8) User=0.06s Sys=0.12s Real=0.06s
[2022-03-18T12:48:45.175-0700][gc,start      ] GC(9) Pause Young (Normal) (G1 Evacuation Pause)
[2022-03-18T12:48:45.175-0700][gc,task       ] GC(9) Using 10 workers of 10 for evacuation
[2022-03-18T12:48:45.256-0700][gc,mmu        ] GC(9) MMU target violated: 21.0ms (20.0ms/21.0ms)
[2022-03-18T12:48:45.256-0700][gc,phases     ] GC(9)   Pre Evacuate Collection Set: 1.7ms
[2022-03-18T12:48:45.256-0700][gc,phases     ] GC(9)   Evacuate Collection Set: 78.1ms
[2022-03-18T12:48:45.257-0700][gc,phases     ] GC(9)   Post Evacuate Collection Set: 0.4ms
[2022-03-18T12:48:45.257-0700][gc,phases     ] GC(9)   Other: 2.0ms
[2022-03-18T12:48:45.257-0700][gc,heap       ] GC(9) Eden regions: 48->0(48)
[2022-03-18T12:48:45.257-0700][gc,heap       ] GC(9) Survivor regions: 3->3(7)
[2022-03-18T12:48:45.257-0700][gc,heap       ] GC(9) Old regions: 15->15
[2022-03-18T12:48:45.257-0700][gc,heap       ] GC(9) Humongous regions: 129->129
[2022-03-18T12:48:45.257-0700][gc,metaspace  ] GC(9) Metaspace: 51102K->51102K(1095680K)
[2022-03-18T12:48:45.257-0700][gc            ] GC(9) Pause Young (Normal) (G1 Evacuation Pause) 194M->146M(1024M) 82.359ms
[2022-03-18T12:48:45.257-0700][gc,cpu        ] GC(9) User=0.21s Sys=0.20s Real=0.08s
[2022-03-18T13:07:55.197-0700][gc,start      ] GC(10) Pause Young (Normal) (G1 Evacuation Pause)
[2022-03-18T13:07:55.199-0700][gc,task       ] GC(10) Using 10 workers of 10 for evacuation
[2022-03-18T13:07:55.242-0700][gc,mmu        ] GC(10) MMU target violated: 21.0ms (20.0ms/21.0ms)
[2022-03-18T13:07:55.242-0700][gc,phases     ] GC(10)   Pre Evacuate Collection Set: 7.4ms
[2022-03-18T13:07:55.242-0700][gc,phases     ] GC(10)   Evacuate Collection Set: 27.7ms
[2022-03-18T13:07:55.242-0700][gc,phases     ] GC(10)   Post Evacuate Collection Set: 0.3ms
[2022-03-18T13:07:55.242-0700][gc,phases     ] GC(10)   Other: 11.7ms
[2022-03-18T13:07:55.242-0700][gc,heap       ] GC(10) Eden regions: 48->0(47)
[2022-03-18T13:07:55.242-0700][gc,heap       ] GC(10) Survivor regions: 3->4(7)
[2022-03-18T13:07:55.242-0700][gc,heap       ] GC(10) Old regions: 15->15
[2022-03-18T13:07:55.242-0700][gc,heap       ] GC(10) Humongous regions: 129->129
[2022-03-18T13:07:55.242-0700][gc,metaspace  ] GC(10) Metaspace: 51347K->51347K(1095680K)
[2022-03-18T13:07:55.242-0700][gc            ] GC(10) Pause Young (Normal) (G1 Evacuation Pause) 194M->147M(1024M) 44.704ms
[2022-03-18T13:07:55.242-0700][gc,cpu        ] GC(10) User=0.03s Sys=0.08s Real=0.05s
[2022-03-18T13:23:23.234-0700][gc,start      ] GC(11) Pause Young (Normal) (G1 Evacuation Pause)
[2022-03-18T13:23:23.235-0700][gc,task       ] GC(11) Using 10 workers of 10 for evacuation
[2022-03-18T13:23:23.259-0700][gc,mmu        ] GC(11) MMU target violated: 21.0ms (20.0ms/21.0ms)
[2022-03-18T13:23:23.259-0700][gc,phases     ] GC(11)   Pre Evacuate Collection Set: 1.8ms
[2022-03-18T13:23:23.259-0700][gc,phases     ] GC(11)   Evacuate Collection Set: 20.9ms
[2022-03-18T13:23:23.259-0700][gc,phases     ] GC(11)   Post Evacuate Collection Set: 0.3ms
[2022-03-18T13:23:23.259-0700][gc,phases     ] GC(11)   Other: 2.1ms
[2022-03-18T13:23:23.259-0700][gc,heap       ] GC(11) Eden regions: 47->0(47)
[2022-03-18T13:23:23.259-0700][gc,heap       ] GC(11) Survivor regions: 4->4(7)
[2022-03-18T13:23:23.259-0700][gc,heap       ] GC(11) Old regions: 15->16
[2022-03-18T13:23:23.259-0700][gc,heap       ] GC(11) Humongous regions: 129->129
[2022-03-18T13:23:23.259-0700][gc,metaspace  ] GC(11) Metaspace: 51351K->51351K(1095680K)
[2022-03-18T13:23:23.259-0700][gc            ] GC(11) Pause Young (Normal) (G1 Evacuation Pause) 194M->147M(1024M) 25.169ms
[2022-03-18T13:23:23.259-0700][gc,cpu        ] GC(11) User=0.03s Sys=0.06s Real=0.02s
[2022-03-18T13:39:05.240-0700][gc,start      ] GC(12) Pause Young (Normal) (G1 Evacuation Pause)
[2022-03-18T13:39:05.241-0700][gc,task       ] GC(12) Using 10 workers of 10 for evacuation
[2022-03-18T13:39:05.256-0700][gc,phases     ] GC(12)   Pre Evacuate Collection Set: 1.8ms
[2022-03-18T13:39:05.256-0700][gc,phases     ] GC(12)   Evacuate Collection Set: 10.2ms
[2022-03-18T13:39:05.256-0700][gc,phases     ] GC(12)   Post Evacuate Collection Set: 1.0ms
[2022-03-18T13:39:05.256-0700][gc,phases     ] GC(12)   Other: 5.4ms
[2022-03-18T13:39:05.256-0700][gc,heap       ] GC(12) Eden regions: 47->0(47)
[2022-03-18T13:39:05.256-0700][gc,heap       ] GC(12) Survivor regions: 4->4(7)
[2022-03-18T13:39:05.256-0700][gc,heap       ] GC(12) Old regions: 16->16
[2022-03-18T13:39:05.256-0700][gc,heap       ] GC(12) Humongous regions: 129->129
[2022-03-18T13:39:05.256-0700][gc,metaspace  ] GC(12) Metaspace: 51358K->51358K(1095680K)
[2022-03-18T13:39:05.257-0700][gc            ] GC(12) Pause Young (Normal) (G1 Evacuation Pause) 194M->147M(1024M) 17.830ms
[2022-03-18T13:39:05.257-0700][gc,cpu        ] GC(12) User=0.03s Sys=0.05s Real=0.02s
[2022-03-18T13:54:47.987-0700][gc,start      ] GC(13) Pause Young (Normal) (G1 Evacuation Pause)
[2022-03-18T13:54:47.988-0700][gc,task       ] GC(13) Using 10 workers of 10 for evacuation
[2022-03-18T13:54:48.006-0700][gc,phases     ] GC(13)   Pre Evacuate Collection Set: 1.9ms
[2022-03-18T13:54:48.006-0700][gc,phases     ] GC(13)   Evacuate Collection Set: 12.6ms
[2022-03-18T13:54:48.006-0700][gc,phases     ] GC(13)   Post Evacuate Collection Set: 0.4ms
[2022-03-18T13:54:48.006-0700][gc,phases     ] GC(13)   Other: 3.9ms
[2022-03-18T13:54:48.006-0700][gc,heap       ] GC(13) Eden regions: 47->0(47)
[2022-03-18T13:54:48.006-0700][gc,heap       ] GC(13) Survivor regions: 4->4(7)
[2022-03-18T13:54:48.006-0700][gc,heap       ] GC(13) Old regions: 16->16
[2022-03-18T13:54:48.006-0700][gc,heap       ] GC(13) Humongous regions: 129->129
[2022-03-18T13:54:48.006-0700][gc,metaspace  ] GC(13) Metaspace: 51371K->51371K(1095680K)
[2022-03-18T13:54:48.006-0700][gc            ] GC(13) Pause Young (Normal) (G1 Evacuation Pause) 194M->147M(1024M) 19.470ms
[2022-03-18T13:54:48.006-0700][gc,cpu        ] GC(13) User=0.03s Sys=0.06s Real=0.02s
[2022-03-18T14:09:35.248-0700][gc,start      ] GC(14) Pause Young (Normal) (G1 Evacuation Pause)
[2022-03-18T14:09:35.248-0700][gc,task       ] GC(14) Using 10 workers of 10 for evacuation
[2022-03-18T14:09:35.267-0700][gc,phases     ] GC(14)   Pre Evacuate Collection Set: 3.0ms
[2022-03-18T14:09:35.267-0700][gc,phases     ] GC(14)   Evacuate Collection Set: 12.5ms
[2022-03-18T14:09:35.267-0700][gc,phases     ] GC(14)   Post Evacuate Collection Set: 1.2ms
[2022-03-18T14:09:35.267-0700][gc,phases     ] GC(14)   Other: 3.7ms
[2022-03-18T14:09:35.267-0700][gc,heap       ] GC(14) Eden regions: 47->0(48)
[2022-03-18T14:09:35.267-0700][gc,heap       ] GC(14) Survivor regions: 4->3(7)
[2022-03-18T14:09:35.267-0700][gc,heap       ] GC(14) Old regions: 16->16
[2022-03-18T14:09:35.267-0700][gc,heap       ] GC(14) Humongous regions: 129->129
[2022-03-18T14:09:35.267-0700][gc,metaspace  ] GC(14) Metaspace: 51419K->51419K(1095680K)
[2022-03-18T14:09:35.267-0700][gc            ] GC(14) Pause Young (Normal) (G1 Evacuation Pause) 194M->147M(1024M) 19.594ms
[2022-03-18T14:09:35.267-0700][gc,cpu        ] GC(14) User=0.01s Sys=0.06s Real=0.02s
[2022-03-18T14:25:39.315-0700][gc,start      ] GC(15) Pause Young (Normal) (G1 Evacuation Pause)
[2022-03-18T14:25:39.316-0700][gc,task       ] GC(15) Using 10 workers of 10 for evacuation
[2022-03-18T14:25:39.335-0700][gc,phases     ] GC(15)   Pre Evacuate Collection Set: 3.3ms
[2022-03-18T14:25:39.335-0700][gc,phases     ] GC(15)   Evacuate Collection Set: 15.2ms
[2022-03-18T14:25:39.335-0700][gc,phases     ] GC(15)   Post Evacuate Collection Set: 0.4ms
[2022-03-18T14:25:39.335-0700][gc,phases     ] GC(15)   Other: 1.1ms
[2022-03-18T14:25:39.335-0700][gc,heap       ] GC(15) Eden regions: 48->0(48)
[2022-03-18T14:25:39.335-0700][gc,heap       ] GC(15) Survivor regions: 3->3(7)
[2022-03-18T14:25:39.335-0700][gc,heap       ] GC(15) Old regions: 16->16
[2022-03-18T14:25:39.335-0700][gc,heap       ] GC(15) Humongous regions: 129->129
[2022-03-18T14:25:39.335-0700][gc,metaspace  ] GC(15) Metaspace: 51423K->51423K(1095680K)
[2022-03-18T14:25:39.335-0700][gc            ] GC(15) Pause Young (Normal) (G1 Evacuation Pause) 195M->146M(1024M) 20.166ms
[2022-03-18T14:25:39.335-0700][gc,cpu        ] GC(15) User=0.03s Sys=0.06s Real=0.02s
[2022-03-18T14:41:41.253-0700][gc,start      ] GC(16) Pause Young (Normal) (G1 Evacuation Pause)
[2022-03-18T14:41:41.253-0700][gc,task       ] GC(16) Using 10 workers of 10 for evacuation
[2022-03-18T14:41:41.266-0700][gc,phases     ] GC(16)   Pre Evacuate Collection Set: 1.1ms
[2022-03-18T14:41:41.266-0700][gc,phases     ] GC(16)   Evacuate Collection Set: 10.7ms
[2022-03-18T14:41:41.266-0700][gc,phases     ] GC(16)   Post Evacuate Collection Set: 0.4ms
[2022-03-18T14:41:41.266-0700][gc,phases     ] GC(16)   Other: 0.9ms
[2022-03-18T14:41:41.266-0700][gc,heap       ] GC(16) Eden regions: 48->0(48)
[2022-03-18T14:41:41.266-0700][gc,heap       ] GC(16) Survivor regions: 3->3(7)
[2022-03-18T14:41:41.266-0700][gc,heap       ] GC(16) Old regions: 16->16
[2022-03-18T14:41:41.266-0700][gc,heap       ] GC(16) Humongous regions: 129->129
[2022-03-18T14:41:41.266-0700][gc,metaspace  ] GC(16) Metaspace: 51424K->51424K(1095680K)
[2022-03-18T14:41:41.266-0700][gc            ] GC(16) Pause Young (Normal) (G1 Evacuation Pause) 194M->146M(1024M) 13.251ms
[2022-03-18T14:41:41.266-0700][gc,cpu        ] GC(16) User=0.02s Sys=0.05s Real=0.01s
[2022-03-18T14:56:49.056-0700][gc,start      ] GC(17) Pause Young (Normal) (G1 Evacuation Pause)
[2022-03-18T14:56:49.056-0700][gc,task       ] GC(17) Using 10 workers of 10 for evacuation
[2022-03-18T14:56:49.068-0700][gc,phases     ] GC(17)   Pre Evacuate Collection Set: 0.1ms
[2022-03-18T14:56:49.068-0700][gc,phases     ] GC(17)   Evacuate Collection Set: 11.4ms
[2022-03-18T14:56:49.068-0700][gc,phases     ] GC(17)   Post Evacuate Collection Set: 0.9ms
[2022-03-18T14:56:49.068-0700][gc,phases     ] GC(17)   Other: 0.4ms
[2022-03-18T14:56:49.068-0700][gc,heap       ] GC(17) Eden regions: 48->0(47)
[2022-03-18T14:56:49.068-0700][gc,heap       ] GC(17) Survivor regions: 3->4(7)
[2022-03-18T14:56:49.068-0700][gc,heap       ] GC(17) Old regions: 16->16
[2022-03-18T14:56:49.068-0700][gc,heap       ] GC(17) Humongous regions: 129->129
[2022-03-18T14:56:49.068-0700][gc,metaspace  ] GC(17) Metaspace: 51425K->51425K(1095680K)
[2022-03-18T14:56:49.069-0700][gc            ] GC(17) Pause Young (Normal) (G1 Evacuation Pause) 194M->147M(1024M) 13.308ms
[2022-03-18T14:56:49.069-0700][gc,cpu        ] GC(17) User=0.04s Sys=0.03s Real=0.01s
[2022-03-18T15:12:32.275-0700][gc,start      ] GC(18) Pause Young (Normal) (G1 Evacuation Pause)
[2022-03-18T15:12:32.276-0700][gc,task       ] GC(18) Using 10 workers of 10 for evacuation
[2022-03-18T15:12:32.280-0700][gc,phases     ] GC(18)   Pre Evacuate Collection Set: 0.0ms
[2022-03-18T15:12:32.280-0700][gc,phases     ] GC(18)   Evacuate Collection Set: 4.1ms
[2022-03-18T15:12:32.280-0700][gc,phases     ] GC(18)   Post Evacuate Collection Set: 0.4ms
[2022-03-18T15:12:32.280-0700][gc,phases     ] GC(18)   Other: 1.1ms
[2022-03-18T15:12:32.280-0700][gc,heap       ] GC(18) Eden regions: 47->0(56)
[2022-03-18T15:12:32.280-0700][gc,heap       ] GC(18) Survivor regions: 4->4(7)
[2022-03-18T15:12:32.280-0700][gc,heap       ] GC(18) Old regions: 16->16
[2022-03-18T15:12:32.280-0700][gc,heap       ] GC(18) Humongous regions: 129->129
[2022-03-18T15:12:32.280-0700][gc,metaspace  ] GC(18) Metaspace: 51426K->51426K(1095680K)
[2022-03-18T15:12:32.280-0700][gc            ] GC(18) Pause Young (Normal) (G1 Evacuation Pause) 194M->147M(1024M) 5.645ms
[2022-03-18T15:12:32.281-0700][gc,cpu        ] GC(18) User=0.03s Sys=0.01s Real=0.01s
[2022-03-18T15:31:17.748-0700][gc,start      ] GC(19) Pause Young (Normal) (G1 Evacuation Pause)
[2022-03-18T15:31:17.749-0700][gc,task       ] GC(19) Using 10 workers of 10 for evacuation
[2022-03-18T15:31:17.760-0700][gc,phases     ] GC(19)   Pre Evacuate Collection Set: 1.9ms
[2022-03-18T15:31:17.760-0700][gc,phases     ] GC(19)   Evacuate Collection Set: 7.2ms
[2022-03-18T15:31:17.760-0700][gc,phases     ] GC(19)   Post Evacuate Collection Set: 0.4ms
[2022-03-18T15:31:17.760-0700][gc,phases     ] GC(19)   Other: 3.0ms
[2022-03-18T15:31:17.760-0700][gc,heap       ] GC(19) Eden regions: 56->0(610)
[2022-03-18T15:31:17.760-0700][gc,heap       ] GC(19) Survivor regions: 4->4(8)
[2022-03-18T15:31:17.760-0700][gc,heap       ] GC(19) Old regions: 16->16
[2022-03-18T15:31:17.760-0700][gc,heap       ] GC(19) Humongous regions: 129->129
[2022-03-18T15:31:17.760-0700][gc,metaspace  ] GC(19) Metaspace: 51429K->51429K(1095680K)
[2022-03-18T15:31:17.760-0700][gc            ] GC(19) Pause Young (Normal) (G1 Evacuation Pause) 203M->148M(1024M) 12.546ms
[2022-03-18T15:31:17.760-0700][gc,cpu        ] GC(19) User=0.03s Sys=0.03s Real=0.02s
[2022-03-18T15:50:23.904-0700][gc,heap,exit  ] Heap
[2022-03-18T15:50:23.907-0700][gc,heap,exit  ]  garbage-first heap   total 1048576K, used 217136K [0x00000007c0000000, 0x0000000800000000)
[2022-03-18T15:50:23.907-0700][gc,heap,exit  ]   region size 1024K, 69 young (70656K), 4 survivors (4096K)
[2022-03-18T15:50:23.907-0700][gc,heap,exit  ]  Metaspace       used 52247K, capacity 55078K, committed 55248K, reserved 1097728K
[2022-03-18T15:50:23.907-0700][gc,heap,exit  ]   class space    used 6441K, capacity 7796K, committed 7808K, reserved 1048576K
