[2022-03-19T20:13:21.736-0700][gc,heap] Heap region size: 1M
[2022-03-19T20:13:21.744-0700][gc     ] Using G1
[2022-03-19T20:13:21.745-0700][gc,heap,coops] Heap address: 0x00000007c0000000, size: 1024 MB, Compressed Oops mode: Zero based, Oop shift amount: 3
[2022-03-19T20:13:22.543-0700][gc,start     ] GC(0) Pause Young (Concurrent Start) (Metadata GC Threshold)
[2022-03-19T20:13:22.544-0700][gc,task      ] GC(0) Using 10 workers of 10 for evacuation
[2022-03-19T20:13:22.552-0700][gc,phases    ] GC(0)   Pre Evacuate Collection Set: 0.0ms
[2022-03-19T20:13:22.552-0700][gc,phases    ] GC(0)   Evacuate Collection Set: 7.0ms
[2022-03-19T20:13:22.552-0700][gc,phases    ] GC(0)   Post Evacuate Collection Set: 0.4ms
[2022-03-19T20:13:22.552-0700][gc,phases    ] GC(0)   Other: 1.3ms
[2022-03-19T20:13:22.552-0700][gc,heap      ] GC(0) Eden regions: 44->0(44)
[2022-03-19T20:13:22.552-0700][gc,heap      ] GC(0) Survivor regions: 0->7(7)
[2022-03-19T20:13:22.552-0700][gc,heap      ] GC(0) Old regions: 0->1
[2022-03-19T20:13:22.552-0700][gc,heap      ] GC(0) Humongous regions: 0->0
[2022-03-19T20:13:22.552-0700][gc,metaspace ] GC(0) Metaspace: 20745K->20745K(1069056K)
[2022-03-19T20:13:22.552-0700][gc           ] GC(0) Pause Young (Concurrent Start) (Metadata GC Threshold) 43M->7M(1024M) 8.823ms
[2022-03-19T20:13:22.552-0700][gc,cpu       ] GC(0) User=0.02s Sys=0.01s Real=0.01s
[2022-03-19T20:13:22.552-0700][gc           ] GC(1) Concurrent Cycle
[2022-03-19T20:13:22.552-0700][gc,marking   ] GC(1) Concurrent Clear Claimed Marks
[2022-03-19T20:13:22.552-0700][gc,marking   ] GC(1) Concurrent Clear Claimed Marks 0.032ms
[2022-03-19T20:13:22.552-0700][gc,marking   ] GC(1) Concurrent Scan Root Regions
[2022-03-19T20:13:22.554-0700][gc,marking   ] GC(1) Concurrent Scan Root Regions 1.392ms
[2022-03-19T20:13:22.554-0700][gc,marking   ] GC(1) Concurrent Mark (0.825s)
[2022-03-19T20:13:22.554-0700][gc,marking   ] GC(1) Concurrent Mark From Roots
[2022-03-19T20:13:22.554-0700][gc,task      ] GC(1) Using 3 workers of 3 for marking
[2022-03-19T20:13:22.554-0700][gc,marking   ] GC(1) Concurrent Mark From Roots 0.272ms
[2022-03-19T20:13:22.554-0700][gc,marking   ] GC(1) Concurrent Preclean
[2022-03-19T20:13:22.554-0700][gc,marking   ] GC(1) Concurrent Preclean 0.029ms
[2022-03-19T20:13:22.554-0700][gc,marking   ] GC(1) Concurrent Mark (0.825s, 0.825s) 0.340ms
[2022-03-19T20:13:22.554-0700][gc,start     ] GC(1) Pause Remark
[2022-03-19T20:13:22.555-0700][gc,stringtable] GC(1) Cleaned string and symbol table, strings: 7263 processed, 0 removed, symbols: 63767 processed, 32 removed
[2022-03-19T20:13:22.556-0700][gc            ] GC(1) Pause Remark 7M->7M(1024M) 1.425ms
[2022-03-19T20:13:22.556-0700][gc,cpu        ] GC(1) User=0.01s Sys=0.00s Real=0.00s
[2022-03-19T20:13:22.556-0700][gc,marking    ] GC(1) Concurrent Rebuild Remembered Sets
[2022-03-19T20:13:22.556-0700][gc,marking    ] GC(1) Concurrent Rebuild Remembered Sets 0.131ms
[2022-03-19T20:13:22.556-0700][gc,start      ] GC(1) Pause Cleanup
[2022-03-19T20:13:22.556-0700][gc            ] GC(1) Pause Cleanup 7M->7M(1024M) 0.138ms
[2022-03-19T20:13:22.556-0700][gc,cpu        ] GC(1) User=0.00s Sys=0.00s Real=0.00s
[2022-03-19T20:13:22.556-0700][gc,marking    ] GC(1) Concurrent Cleanup for Next Mark
[2022-03-19T20:13:22.561-0700][gc,marking    ] GC(1) Concurrent Cleanup for Next Mark 4.539ms
[2022-03-19T20:13:22.561-0700][gc            ] GC(1) Concurrent Cycle 8.465ms
[2022-03-19T20:13:23.869-0700][gc,start      ] GC(2) Pause Young (Normal) (G1 Evacuation Pause)
[2022-03-19T20:13:23.869-0700][gc,task       ] GC(2) Using 10 workers of 10 for evacuation
[2022-03-19T20:13:23.875-0700][gc,phases     ] GC(2)   Pre Evacuate Collection Set: 0.0ms
[2022-03-19T20:13:23.875-0700][gc,phases     ] GC(2)   Evacuate Collection Set: 5.0ms
[2022-03-19T20:13:23.875-0700][gc,phases     ] GC(2)   Post Evacuate Collection Set: 0.4ms
[2022-03-19T20:13:23.875-0700][gc,phases     ] GC(2)   Other: 0.1ms
[2022-03-19T20:13:23.875-0700][gc,heap       ] GC(2) Eden regions: 44->0(49)
[2022-03-19T20:13:23.875-0700][gc,heap       ] GC(2) Survivor regions: 7->2(7)
[2022-03-19T20:13:23.875-0700][gc,heap       ] GC(2) Old regions: 1->7
[2022-03-19T20:13:23.875-0700][gc,heap       ] GC(2) Humongous regions: 0->0
[2022-03-19T20:13:23.875-0700][gc,metaspace  ] GC(2) Metaspace: 30568K->30568K(1077248K)
[2022-03-19T20:13:23.875-0700][gc            ] GC(2) Pause Young (Normal) (G1 Evacuation Pause) 51M->8M(1024M) 5.726ms
[2022-03-19T20:13:23.875-0700][gc,cpu        ] GC(2) User=0.04s Sys=0.01s Real=0.01s
[2022-03-19T20:13:25.922-0700][gc,start      ] GC(3) Pause Young (Concurrent Start) (Metadata GC Threshold)
[2022-03-19T20:13:25.922-0700][gc,task       ] GC(3) Using 10 workers of 10 for evacuation
[2022-03-19T20:13:25.924-0700][gc,phases     ] GC(3)   Pre Evacuate Collection Set: 0.1ms
[2022-03-19T20:13:25.924-0700][gc,phases     ] GC(3)   Evacuate Collection Set: 1.6ms
[2022-03-19T20:13:25.924-0700][gc,phases     ] GC(3)   Post Evacuate Collection Set: 0.2ms
[2022-03-19T20:13:25.924-0700][gc,phases     ] GC(3)   Other: 0.1ms
[2022-03-19T20:13:25.924-0700][gc,heap       ] GC(3) Eden regions: 28->0(47)
[2022-03-19T20:13:25.924-0700][gc,heap       ] GC(3) Survivor regions: 2->4(7)
[2022-03-19T20:13:25.924-0700][gc,heap       ] GC(3) Old regions: 7->7
[2022-03-19T20:13:25.924-0700][gc,heap       ] GC(3) Humongous regions: 129->129
[2022-03-19T20:13:25.924-0700][gc,metaspace  ] GC(3) Metaspace: 34926K->34926K(1081344K)
[2022-03-19T20:13:25.924-0700][gc            ] GC(3) Pause Young (Concurrent Start) (Metadata GC Threshold) 164M->138M(1024M) 2.090ms
[2022-03-19T20:13:25.924-0700][gc,cpu        ] GC(3) User=0.01s Sys=0.00s Real=0.00s
[2022-03-19T20:13:25.924-0700][gc            ] GC(4) Concurrent Cycle
[2022-03-19T20:13:25.924-0700][gc,marking    ] GC(4) Concurrent Clear Claimed Marks
[2022-03-19T20:13:25.924-0700][gc,marking    ] GC(4) Concurrent Clear Claimed Marks 0.018ms
[2022-03-19T20:13:25.924-0700][gc,marking    ] GC(4) Concurrent Scan Root Regions
[2022-03-19T20:13:25.925-0700][gc,marking    ] GC(4) Concurrent Scan Root Regions 0.744ms
[2022-03-19T20:13:25.925-0700][gc,marking    ] GC(4) Concurrent Mark (4.196s)
[2022-03-19T20:13:25.925-0700][gc,marking    ] GC(4) Concurrent Mark From Roots
[2022-03-19T20:13:25.925-0700][gc,task       ] GC(4) Using 3 workers of 3 for marking
[2022-03-19T20:13:25.927-0700][gc,marking    ] GC(4) Concurrent Mark From Roots 2.370ms
[2022-03-19T20:13:25.927-0700][gc,marking    ] GC(4) Concurrent Preclean
[2022-03-19T20:13:25.927-0700][gc,marking    ] GC(4) Concurrent Preclean 0.047ms
[2022-03-19T20:13:25.927-0700][gc,marking    ] GC(4) Concurrent Mark (4.196s, 4.198s) 2.449ms
[2022-03-19T20:13:25.927-0700][gc,start      ] GC(4) Pause Remark
[2022-03-19T20:13:25.928-0700][gc,stringtable] GC(4) Cleaned string and symbol table, strings: 10777 processed, 8 removed, symbols: 95575 processed, 24 removed
[2022-03-19T20:13:25.929-0700][gc            ] GC(4) Pause Remark 139M->139M(1024M) 1.201ms
[2022-03-19T20:13:25.929-0700][gc,cpu        ] GC(4) User=0.01s Sys=0.00s Real=0.00s
[2022-03-19T20:13:25.929-0700][gc,marking    ] GC(4) Concurrent Rebuild Remembered Sets
[2022-03-19T20:13:25.930-0700][gc,marking    ] GC(4) Concurrent Rebuild Remembered Sets 1.580ms
[2022-03-19T20:13:25.930-0700][gc,start      ] GC(4) Pause Cleanup
[2022-03-19T20:13:25.930-0700][gc            ] GC(4) Pause Cleanup 140M->140M(1024M) 0.090ms
[2022-03-19T20:13:25.930-0700][gc,cpu        ] GC(4) User=0.00s Sys=0.00s Real=0.00s
[2022-03-19T20:13:25.930-0700][gc,marking    ] GC(4) Concurrent Cleanup for Next Mark
[2022-03-19T20:13:25.934-0700][gc,marking    ] GC(4) Concurrent Cleanup for Next Mark 4.005ms
[2022-03-19T20:13:25.934-0700][gc            ] GC(4) Concurrent Cycle 10.499ms
[2022-03-19T20:13:26.480-0700][gc,start      ] GC(5) Pause Young (Normal) (G1 Evacuation Pause)
[2022-03-19T20:13:26.480-0700][gc,task       ] GC(5) Using 10 workers of 10 for evacuation
[2022-03-19T20:13:26.487-0700][gc,phases     ] GC(5)   Pre Evacuate Collection Set: 0.0ms
[2022-03-19T20:13:26.487-0700][gc,phases     ] GC(5)   Evacuate Collection Set: 5.9ms
[2022-03-19T20:13:26.487-0700][gc,phases     ] GC(5)   Post Evacuate Collection Set: 0.8ms
[2022-03-19T20:13:26.487-0700][gc,phases     ] GC(5)   Other: 0.2ms
[2022-03-19T20:13:26.487-0700][gc,heap       ] GC(5) Eden regions: 47->0(44)
[2022-03-19T20:13:26.487-0700][gc,heap       ] GC(5) Survivor regions: 4->7(7)
[2022-03-19T20:13:26.487-0700][gc,heap       ] GC(5) Old regions: 7->7
[2022-03-19T20:13:26.487-0700][gc,heap       ] GC(5) Humongous regions: 129->129
[2022-03-19T20:13:26.487-0700][gc,metaspace  ] GC(5) Metaspace: 42953K->42953K(1089536K)
[2022-03-19T20:13:26.487-0700][gc            ] GC(5) Pause Young (Normal) (G1 Evacuation Pause) 185M->142M(1024M) 7.184ms
[2022-03-19T20:13:26.487-0700][gc,cpu        ] GC(5) User=0.05s Sys=0.00s Real=0.00s
[2022-03-19T20:18:07.809-0700][gc,start      ] GC(6) Pause Young (Normal) (G1 Evacuation Pause)
[2022-03-19T20:18:07.810-0700][gc,task       ] GC(6) Using 10 workers of 10 for evacuation
[2022-03-19T20:18:07.852-0700][gc,mmu        ] GC(6) MMU target violated: 21.0ms (20.0ms/21.0ms)
[2022-03-19T20:18:07.852-0700][gc,phases     ] GC(6)   Pre Evacuate Collection Set: 3.0ms
[2022-03-19T20:18:07.852-0700][gc,phases     ] GC(6)   Evacuate Collection Set: 30.7ms
[2022-03-19T20:18:07.852-0700][gc,phases     ] GC(6)   Post Evacuate Collection Set: 0.7ms
[2022-03-19T20:18:07.852-0700][gc,phases     ] GC(6)   Other: 8.7ms
[2022-03-19T20:18:07.852-0700][gc,heap       ] GC(6) Eden regions: 44->0(48)
[2022-03-19T20:18:07.852-0700][gc,heap       ] GC(6) Survivor regions: 7->3(7)
[2022-03-19T20:18:07.852-0700][gc,heap       ] GC(6) Old regions: 7->13
[2022-03-19T20:18:07.852-0700][gc,heap       ] GC(6) Humongous regions: 135->129
[2022-03-19T20:18:07.852-0700][gc,metaspace  ] GC(6) Metaspace: 49697K->49697K(1093632K)
[2022-03-19T20:18:07.852-0700][gc            ] GC(6) Pause Young (Normal) (G1 Evacuation Pause) 192M->144M(1024M) 43.090ms
[2022-03-19T20:18:07.852-0700][gc,cpu        ] GC(6) User=0.04s Sys=0.13s Real=0.05s
[2022-03-19T20:32:09.205-0700][gc,start      ] GC(7) Pause Young (Normal) (G1 Evacuation Pause)
[2022-03-19T20:32:09.207-0700][gc,task       ] GC(7) Using 10 workers of 10 for evacuation
[2022-03-19T20:32:09.277-0700][gc,mmu        ] GC(7) MMU target violated: 21.0ms (20.0ms/21.0ms)
[2022-03-19T20:32:09.277-0700][gc,phases     ] GC(7)   Pre Evacuate Collection Set: 6.3ms
[2022-03-19T20:32:09.277-0700][gc,phases     ] GC(7)   Evacuate Collection Set: 55.7ms
[2022-03-19T20:32:09.277-0700][gc,phases     ] GC(7)   Post Evacuate Collection Set: 2.2ms
[2022-03-19T20:32:09.277-0700][gc,phases     ] GC(7)   Other: 9.2ms
[2022-03-19T20:32:09.277-0700][gc,heap       ] GC(7) Eden regions: 48->0(46)
[2022-03-19T20:32:09.277-0700][gc,heap       ] GC(7) Survivor regions: 3->5(7)
[2022-03-19T20:32:09.277-0700][gc,heap       ] GC(7) Old regions: 13->13
[2022-03-19T20:32:09.277-0700][gc,heap       ] GC(7) Humongous regions: 129->129
[2022-03-19T20:32:09.277-0700][gc,metaspace  ] GC(7) Metaspace: 50797K->50797K(1095680K)
[2022-03-19T20:32:09.277-0700][gc            ] GC(7) Pause Young (Normal) (G1 Evacuation Pause) 192M->146M(1024M) 72.643ms
[2022-03-19T20:32:09.277-0700][gc,cpu        ] GC(7) User=0.08s Sys=0.15s Real=0.07s
[2022-03-19T20:52:19.237-0700][gc,start      ] GC(8) Pause Young (Normal) (G1 Evacuation Pause)
[2022-03-19T20:52:19.238-0700][gc,task       ] GC(8) Using 10 workers of 10 for evacuation
[2022-03-19T20:52:19.395-0700][gc,mmu        ] GC(8) MMU target violated: 21.0ms (20.0ms/21.0ms)
[2022-03-19T20:52:19.395-0700][gc,phases     ] GC(8)   Pre Evacuate Collection Set: 3.8ms
[2022-03-19T20:52:19.395-0700][gc,phases     ] GC(8)   Evacuate Collection Set: 146.6ms
[2022-03-19T20:52:19.395-0700][gc,phases     ] GC(8)   Post Evacuate Collection Set: 2.3ms
[2022-03-19T20:52:19.395-0700][gc,phases     ] GC(8)   Other: 7.1ms
[2022-03-19T20:52:19.395-0700][gc,heap       ] GC(8) Eden regions: 46->0(47)
[2022-03-19T20:52:19.395-0700][gc,heap       ] GC(8) Survivor regions: 5->4(7)
[2022-03-19T20:52:19.395-0700][gc,heap       ] GC(8) Old regions: 13->15
[2022-03-19T20:52:19.395-0700][gc,heap       ] GC(8) Humongous regions: 129->129
[2022-03-19T20:52:19.395-0700][gc,metaspace  ] GC(8) Metaspace: 51024K->51024K(1095680K)
[2022-03-19T20:52:19.395-0700][gc            ] GC(8) Pause Young (Normal) (G1 Evacuation Pause) 192M->147M(1024M) 158.858ms
[2022-03-19T20:52:19.395-0700][gc,cpu        ] GC(8) User=0.62s Sys=0.23s Real=0.16s
[2022-03-19T21:06:26.276-0700][gc,heap,exit  ] Heap
[2022-03-19T21:06:26.276-0700][gc,heap,exit  ]  garbage-first heap   total 1048576K, used 177167K [0x00000007c0000000, 0x0000000800000000)
[2022-03-19T21:06:26.276-0700][gc,heap,exit  ]   region size 1024K, 32 young (32768K), 4 survivors (4096K)
[2022-03-19T21:06:26.276-0700][gc,heap,exit  ]  Metaspace       used 51885K, capacity 54644K, committed 54736K, reserved 1095680K
[2022-03-19T21:06:26.276-0700][gc,heap,exit  ]   class space    used 6394K, capacity 7738K, committed 7808K, reserved 1048576K
