[2022-03-18T16:55:57.318-0700][gc,heap] Heap region size: 1M
[2022-03-18T16:55:57.326-0700][gc     ] Using G1
[2022-03-18T16:55:57.327-0700][gc,heap,coops] Heap address: 0x00000007c0000000, size: 1024 MB, Compressed Oops mode: Zero based, Oop shift amount: 3
[2022-03-18T16:55:58.199-0700][gc,start     ] GC(0) Pause Young (Concurrent Start) (Metadata GC Threshold)
[2022-03-18T16:55:58.199-0700][gc,task      ] GC(0) Using 10 workers of 10 for evacuation
[2022-03-18T16:55:58.207-0700][gc,phases    ] GC(0)   Pre Evacuate Collection Set: 0.0ms
[2022-03-18T16:55:58.207-0700][gc,phases    ] GC(0)   Evacuate Collection Set: 7.3ms
[2022-03-18T16:55:58.207-0700][gc,phases    ] GC(0)   Post Evacuate Collection Set: 0.4ms
[2022-03-18T16:55:58.207-0700][gc,phases    ] GC(0)   Other: 0.9ms
[2022-03-18T16:55:58.207-0700][gc,heap      ] GC(0) Eden regions: 44->0(44)
[2022-03-18T16:55:58.207-0700][gc,heap      ] GC(0) Survivor regions: 0->7(7)
[2022-03-18T16:55:58.207-0700][gc,heap      ] GC(0) Old regions: 0->1
[2022-03-18T16:55:58.207-0700][gc,heap      ] GC(0) Humongous regions: 0->0
[2022-03-18T16:55:58.207-0700][gc,metaspace ] GC(0) Metaspace: 20754K->20754K(1069056K)
[2022-03-18T16:55:58.208-0700][gc           ] GC(0) Pause Young (Concurrent Start) (Metadata GC Threshold) 44M->7M(1024M) 8.818ms
[2022-03-18T16:55:58.208-0700][gc,cpu       ] GC(0) User=0.02s Sys=0.01s Real=0.01s
[2022-03-18T16:55:58.208-0700][gc           ] GC(1) Concurrent Cycle
[2022-03-18T16:55:58.208-0700][gc,marking   ] GC(1) Concurrent Clear Claimed Marks
[2022-03-18T16:55:58.208-0700][gc,marking   ] GC(1) Concurrent Clear Claimed Marks 0.023ms
[2022-03-18T16:55:58.208-0700][gc,marking   ] GC(1) Concurrent Scan Root Regions
[2022-03-18T16:55:58.210-0700][gc,marking   ] GC(1) Concurrent Scan Root Regions 2.138ms
[2022-03-18T16:55:58.210-0700][gc,marking   ] GC(1) Concurrent Mark (0.900s)
[2022-03-18T16:55:58.210-0700][gc,marking   ] GC(1) Concurrent Mark From Roots
[2022-03-18T16:55:58.210-0700][gc,task      ] GC(1) Using 3 workers of 3 for marking
[2022-03-18T16:55:58.210-0700][gc,marking   ] GC(1) Concurrent Mark From Roots 0.235ms
[2022-03-18T16:55:58.210-0700][gc,marking   ] GC(1) Concurrent Preclean
[2022-03-18T16:55:58.210-0700][gc,marking   ] GC(1) Concurrent Preclean 0.053ms
[2022-03-18T16:55:58.210-0700][gc,marking   ] GC(1) Concurrent Mark (0.900s, 0.901s) 0.372ms
[2022-03-18T16:55:58.210-0700][gc,start     ] GC(1) Pause Remark
[2022-03-18T16:55:58.212-0700][gc,stringtable] GC(1) Cleaned string and symbol table, strings: 7245 processed, 0 removed, symbols: 63773 processed, 32 removed
[2022-03-18T16:55:58.212-0700][gc            ] GC(1) Pause Remark 7M->7M(1024M) 2.043ms
[2022-03-18T16:55:58.212-0700][gc,cpu        ] GC(1) User=0.01s Sys=0.00s Real=0.00s
[2022-03-18T16:55:58.212-0700][gc,marking    ] GC(1) Concurrent Rebuild Remembered Sets
[2022-03-18T16:55:58.213-0700][gc,marking    ] GC(1) Concurrent Rebuild Remembered Sets 0.140ms
[2022-03-18T16:55:58.213-0700][gc,start      ] GC(1) Pause Cleanup
[2022-03-18T16:55:58.213-0700][gc            ] GC(1) Pause Cleanup 7M->7M(1024M) 0.111ms
[2022-03-18T16:55:58.213-0700][gc,cpu        ] GC(1) User=0.00s Sys=0.00s Real=0.00s
[2022-03-18T16:55:58.213-0700][gc,marking    ] GC(1) Concurrent Cleanup for Next Mark
[2022-03-18T16:55:58.219-0700][gc,marking    ] GC(1) Concurrent Cleanup for Next Mark 6.276ms
[2022-03-18T16:55:58.219-0700][gc            ] GC(1) Concurrent Cycle 11.677ms
[2022-03-18T16:55:59.548-0700][gc,start      ] GC(2) Pause Young (Normal) (G1 Evacuation Pause)
[2022-03-18T16:55:59.549-0700][gc,task       ] GC(2) Using 10 workers of 10 for evacuation
[2022-03-18T16:55:59.555-0700][gc,phases     ] GC(2)   Pre Evacuate Collection Set: 0.0ms
[2022-03-18T16:55:59.555-0700][gc,phases     ] GC(2)   Evacuate Collection Set: 6.1ms
[2022-03-18T16:55:59.555-0700][gc,phases     ] GC(2)   Post Evacuate Collection Set: 0.5ms
[2022-03-18T16:55:59.555-0700][gc,phases     ] GC(2)   Other: 0.1ms
[2022-03-18T16:55:59.555-0700][gc,heap       ] GC(2) Eden regions: 44->0(49)
[2022-03-18T16:55:59.555-0700][gc,heap       ] GC(2) Survivor regions: 7->2(7)
[2022-03-18T16:55:59.555-0700][gc,heap       ] GC(2) Old regions: 1->7
[2022-03-18T16:55:59.555-0700][gc,heap       ] GC(2) Humongous regions: 0->0
[2022-03-18T16:55:59.555-0700][gc,metaspace  ] GC(2) Metaspace: 30571K->30571K(1077248K)
[2022-03-18T16:55:59.555-0700][gc            ] GC(2) Pause Young (Normal) (G1 Evacuation Pause) 51M->8M(1024M) 6.959ms
[2022-03-18T16:55:59.555-0700][gc,cpu        ] GC(2) User=0.05s Sys=0.01s Real=0.01s
[2022-03-18T16:56:01.390-0700][gc,start      ] GC(3) Pause Young (Concurrent Start) (Metadata GC Threshold)
[2022-03-18T16:56:01.390-0700][gc,task       ] GC(3) Using 10 workers of 10 for evacuation
[2022-03-18T16:56:01.392-0700][gc,phases     ] GC(3)   Pre Evacuate Collection Set: 0.1ms
[2022-03-18T16:56:01.392-0700][gc,phases     ] GC(3)   Evacuate Collection Set: 1.7ms
[2022-03-18T16:56:01.392-0700][gc,phases     ] GC(3)   Post Evacuate Collection Set: 0.2ms
[2022-03-18T16:56:01.392-0700][gc,phases     ] GC(3)   Other: 0.1ms
[2022-03-18T16:56:01.392-0700][gc,heap       ] GC(3) Eden regions: 27->0(47)
[2022-03-18T16:56:01.392-0700][gc,heap       ] GC(3) Survivor regions: 2->4(7)
[2022-03-18T16:56:01.392-0700][gc,heap       ] GC(3) Old regions: 7->7
[2022-03-18T16:56:01.392-0700][gc,heap       ] GC(3) Humongous regions: 129->129
[2022-03-18T16:56:01.392-0700][gc,metaspace  ] GC(3) Metaspace: 34875K->34875K(1081344K)
[2022-03-18T16:56:01.392-0700][gc            ] GC(3) Pause Young (Concurrent Start) (Metadata GC Threshold) 164M->138M(1024M) 2.107ms
[2022-03-18T16:56:01.392-0700][gc,cpu        ] GC(3) User=0.01s Sys=0.00s Real=0.00s
[2022-03-18T16:56:01.392-0700][gc            ] GC(4) Concurrent Cycle
[2022-03-18T16:56:01.392-0700][gc,marking    ] GC(4) Concurrent Clear Claimed Marks
[2022-03-18T16:56:01.392-0700][gc,marking    ] GC(4) Concurrent Clear Claimed Marks 0.018ms
[2022-03-18T16:56:01.392-0700][gc,marking    ] GC(4) Concurrent Scan Root Regions
[2022-03-18T16:56:01.393-0700][gc,marking    ] GC(4) Concurrent Scan Root Regions 1.025ms
[2022-03-18T16:56:01.393-0700][gc,marking    ] GC(4) Concurrent Mark (4.083s)
[2022-03-18T16:56:01.393-0700][gc,marking    ] GC(4) Concurrent Mark From Roots
[2022-03-18T16:56:01.393-0700][gc,task       ] GC(4) Using 3 workers of 3 for marking
[2022-03-18T16:56:01.395-0700][gc,marking    ] GC(4) Concurrent Mark From Roots 2.270ms
[2022-03-18T16:56:01.395-0700][gc,marking    ] GC(4) Concurrent Preclean
[2022-03-18T16:56:01.395-0700][gc,marking    ] GC(4) Concurrent Preclean 0.046ms
[2022-03-18T16:56:01.395-0700][gc,marking    ] GC(4) Concurrent Mark (4.083s, 4.086s) 2.354ms
[2022-03-18T16:56:01.395-0700][gc,start      ] GC(4) Pause Remark
[2022-03-18T16:56:01.397-0700][gc,stringtable] GC(4) Cleaned string and symbol table, strings: 10759 processed, 8 removed, symbols: 95476 processed, 24 removed
[2022-03-18T16:56:01.397-0700][gc            ] GC(4) Pause Remark 139M->139M(1024M) 1.271ms
[2022-03-18T16:56:01.397-0700][gc,cpu        ] GC(4) User=0.01s Sys=0.00s Real=0.00s
[2022-03-18T16:56:01.397-0700][gc,marking    ] GC(4) Concurrent Rebuild Remembered Sets
[2022-03-18T16:56:01.398-0700][gc,marking    ] GC(4) Concurrent Rebuild Remembered Sets 1.413ms
[2022-03-18T16:56:01.398-0700][gc,start      ] GC(4) Pause Cleanup
[2022-03-18T16:56:01.398-0700][gc            ] GC(4) Pause Cleanup 139M->139M(1024M) 0.089ms
[2022-03-18T16:56:01.398-0700][gc,cpu        ] GC(4) User=0.01s Sys=0.00s Real=0.00s
[2022-03-18T16:56:01.398-0700][gc,marking    ] GC(4) Concurrent Cleanup for Next Mark
[2022-03-18T16:56:01.404-0700][gc,marking    ] GC(4) Concurrent Cleanup for Next Mark 5.821ms
[2022-03-18T16:56:01.404-0700][gc            ] GC(4) Concurrent Cycle 12.324ms
[2022-03-18T16:56:01.943-0700][gc,start      ] GC(5) Pause Young (Normal) (G1 Evacuation Pause)
[2022-03-18T16:56:01.943-0700][gc,task       ] GC(5) Using 10 workers of 10 for evacuation
[2022-03-18T16:56:01.948-0700][gc,phases     ] GC(5)   Pre Evacuate Collection Set: 0.0ms
[2022-03-18T16:56:01.948-0700][gc,phases     ] GC(5)   Evacuate Collection Set: 4.0ms
[2022-03-18T16:56:01.948-0700][gc,phases     ] GC(5)   Post Evacuate Collection Set: 0.5ms
[2022-03-18T16:56:01.948-0700][gc,phases     ] GC(5)   Other: 0.2ms
[2022-03-18T16:56:01.948-0700][gc,heap       ] GC(5) Eden regions: 47->0(44)
[2022-03-18T16:56:01.948-0700][gc,heap       ] GC(5) Survivor regions: 4->7(7)
[2022-03-18T16:56:01.948-0700][gc,heap       ] GC(5) Old regions: 7->7
[2022-03-18T16:56:01.948-0700][gc,heap       ] GC(5) Humongous regions: 129->129
[2022-03-18T16:56:01.948-0700][gc,metaspace  ] GC(5) Metaspace: 43378K->43378K(1089536K)
[2022-03-18T16:56:01.948-0700][gc            ] GC(5) Pause Young (Normal) (G1 Evacuation Pause) 185M->142M(1024M) 5.083ms
[2022-03-18T16:56:01.948-0700][gc,cpu        ] GC(5) User=0.03s Sys=0.01s Real=0.00s
[2022-03-18T16:58:31.329-0700][gc,start      ] GC(6) Pause Young (Normal) (G1 Evacuation Pause)
[2022-03-18T16:58:31.329-0700][gc,task       ] GC(6) Using 10 workers of 10 for evacuation
[2022-03-18T16:58:31.383-0700][gc,mmu        ] GC(6) MMU target violated: 21.0ms (20.0ms/21.0ms)
[2022-03-18T16:58:31.383-0700][gc,phases     ] GC(6)   Pre Evacuate Collection Set: 1.7ms
[2022-03-18T16:58:31.383-0700][gc,phases     ] GC(6)   Evacuate Collection Set: 51.1ms
[2022-03-18T16:58:31.383-0700][gc,phases     ] GC(6)   Post Evacuate Collection Set: 0.8ms
[2022-03-18T16:58:31.383-0700][gc,phases     ] GC(6)   Other: 0.8ms
[2022-03-18T16:58:31.383-0700][gc,heap       ] GC(6) Eden regions: 44->0(48)
[2022-03-18T16:58:31.383-0700][gc,heap       ] GC(6) Survivor regions: 7->3(7)
[2022-03-18T16:58:31.383-0700][gc,heap       ] GC(6) Old regions: 7->13
[2022-03-18T16:58:31.383-0700][gc,heap       ] GC(6) Humongous regions: 135->129
[2022-03-18T16:58:31.383-0700][gc,metaspace  ] GC(6) Metaspace: 50224K->50224K(1095680K)
[2022-03-18T16:58:31.383-0700][gc            ] GC(6) Pause Young (Normal) (G1 Evacuation Pause) 192M->144M(1024M) 54.379ms
[2022-03-18T16:58:31.383-0700][gc,cpu        ] GC(6) User=0.07s Sys=0.25s Real=0.06s
[2022-03-18T17:12:20.530-0700][gc,start      ] GC(7) Pause Young (Normal) (G1 Evacuation Pause)
[2022-03-18T17:12:20.530-0700][gc,task       ] GC(7) Using 10 workers of 10 for evacuation
[2022-03-18T17:12:20.606-0700][gc,mmu        ] GC(7) MMU target violated: 21.0ms (20.0ms/21.0ms)
[2022-03-18T17:12:20.606-0700][gc,phases     ] GC(7)   Pre Evacuate Collection Set: 2.5ms
[2022-03-18T17:12:20.606-0700][gc,phases     ] GC(7)   Evacuate Collection Set: 70.6ms
[2022-03-18T17:12:20.606-0700][gc,phases     ] GC(7)   Post Evacuate Collection Set: 1.6ms
[2022-03-18T17:12:20.606-0700][gc,phases     ] GC(7)   Other: 1.3ms
[2022-03-18T17:12:20.606-0700][gc,heap       ] GC(7) Eden regions: 48->0(46)
[2022-03-18T17:12:20.606-0700][gc,heap       ] GC(7) Survivor regions: 3->5(7)
[2022-03-18T17:12:20.606-0700][gc,heap       ] GC(7) Old regions: 13->13
[2022-03-18T17:12:20.606-0700][gc,heap       ] GC(7) Humongous regions: 129->129
[2022-03-18T17:12:20.606-0700][gc,metaspace  ] GC(7) Metaspace: 50971K->50971K(1095680K)
[2022-03-18T17:12:20.607-0700][gc            ] GC(7) Pause Young (Normal) (G1 Evacuation Pause) 192M->146M(1024M) 76.712ms
[2022-03-18T17:12:20.607-0700][gc,cpu        ] GC(7) User=0.16s Sys=0.15s Real=0.07s
[2022-03-18T17:45:58.694-0700][gc,start      ] GC(8) Pause Young (Normal) (G1 Evacuation Pause)
[2022-03-18T17:45:58.696-0700][gc,task       ] GC(8) Using 10 workers of 10 for evacuation
[2022-03-18T17:45:58.816-0700][gc,mmu        ] GC(8) MMU target violated: 21.0ms (20.0ms/21.0ms)
[2022-03-18T17:45:58.816-0700][gc,phases     ] GC(8)   Pre Evacuate Collection Set: 9.6ms
[2022-03-18T17:45:58.816-0700][gc,phases     ] GC(8)   Evacuate Collection Set: 100.8ms
[2022-03-18T17:45:58.816-0700][gc,phases     ] GC(8)   Post Evacuate Collection Set: 2.1ms
[2022-03-18T17:45:58.816-0700][gc,phases     ] GC(8)   Other: 10.3ms
[2022-03-18T17:45:58.816-0700][gc,heap       ] GC(8) Eden regions: 46->0(49)
[2022-03-18T17:45:58.816-0700][gc,heap       ] GC(8) Survivor regions: 5->2(7)
[2022-03-18T17:45:58.816-0700][gc,heap       ] GC(8) Old regions: 13->16
[2022-03-18T17:45:58.816-0700][gc,heap       ] GC(8) Humongous regions: 129->129
[2022-03-18T17:45:58.816-0700][gc,metaspace  ] GC(8) Metaspace: 51226K->51226K(1095680K)
[2022-03-18T17:45:58.816-0700][gc            ] GC(8) Pause Young (Normal) (G1 Evacuation Pause) 192M->145M(1024M) 122.309ms
[2022-03-18T17:45:58.817-0700][gc,cpu        ] GC(8) User=0.06s Sys=0.18s Real=0.12s
[2022-03-18T17:55:59.798-0700][gc,heap,exit  ] Heap
[2022-03-18T17:55:59.798-0700][gc,heap,exit  ]  garbage-first heap   total 1048576K, used 175066K [0x00000007c0000000, 0x0000000800000000)
[2022-03-18T17:55:59.798-0700][gc,heap,exit  ]   region size 1024K, 29 young (29696K), 2 survivors (2048K)
[2022-03-18T17:55:59.798-0700][gc,heap,exit  ]  Metaspace       used 52134K, capacity 54926K, committed 54992K, reserved 1097728K
[2022-03-18T17:55:59.798-0700][gc,heap,exit  ]   class space    used 6442K, capacity 7806K, committed 7808K, reserved 1048576K
