[2022-03-19T21:06:30.503-0700][gc,heap] Heap region size: 1M
[2022-03-19T21:06:30.512-0700][gc     ] Using G1
[2022-03-19T21:06:30.513-0700][gc,heap,coops] Heap address: 0x00000007c0000000, size: 1024 MB, Compressed Oops mode: Zero based, Oop shift amount: 3
[2022-03-19T21:06:31.602-0700][gc,start     ] GC(0) Pause Young (Concurrent Start) (Metadata GC Threshold)
[2022-03-19T21:06:31.603-0700][gc,task      ] GC(0) Using 10 workers of 10 for evacuation
[2022-03-19T21:06:31.611-0700][gc,phases    ] GC(0)   Pre Evacuate Collection Set: 0.0ms
[2022-03-19T21:06:31.611-0700][gc,phases    ] GC(0)   Evacuate Collection Set: 6.8ms
[2022-03-19T21:06:31.611-0700][gc,phases    ] GC(0)   Post Evacuate Collection Set: 0.5ms
[2022-03-19T21:06:31.611-0700][gc,phases    ] GC(0)   Other: 1.0ms
[2022-03-19T21:06:31.611-0700][gc,heap      ] GC(0) Eden regions: 44->0(44)
[2022-03-19T21:06:31.611-0700][gc,heap      ] GC(0) Survivor regions: 0->7(7)
[2022-03-19T21:06:31.611-0700][gc,heap      ] GC(0) Old regions: 0->0
[2022-03-19T21:06:31.611-0700][gc,heap      ] GC(0) Humongous regions: 0->0
[2022-03-19T21:06:31.611-0700][gc,metaspace ] GC(0) Metaspace: 20765K->20765K(1069056K)
[2022-03-19T21:06:31.611-0700][gc           ] GC(0) Pause Young (Concurrent Start) (Metadata GC Threshold) 43M->6M(1024M) 8.471ms
[2022-03-19T21:06:31.611-0700][gc,cpu       ] GC(0) User=0.02s Sys=0.01s Real=0.01s
[2022-03-19T21:06:31.611-0700][gc           ] GC(1) Concurrent Cycle
[2022-03-19T21:06:31.611-0700][gc,marking   ] GC(1) Concurrent Clear Claimed Marks
[2022-03-19T21:06:31.611-0700][gc,marking   ] GC(1) Concurrent Clear Claimed Marks 0.042ms
[2022-03-19T21:06:31.611-0700][gc,marking   ] GC(1) Concurrent Scan Root Regions
[2022-03-19T21:06:31.613-0700][gc,marking   ] GC(1) Concurrent Scan Root Regions 1.631ms
[2022-03-19T21:06:31.613-0700][gc,marking   ] GC(1) Concurrent Mark (1.118s)
[2022-03-19T21:06:31.613-0700][gc,marking   ] GC(1) Concurrent Mark From Roots
[2022-03-19T21:06:31.613-0700][gc,task      ] GC(1) Using 3 workers of 3 for marking
[2022-03-19T21:06:31.613-0700][gc,marking   ] GC(1) Concurrent Mark From Roots 0.209ms
[2022-03-19T21:06:31.613-0700][gc,marking   ] GC(1) Concurrent Preclean
[2022-03-19T21:06:31.613-0700][gc,marking   ] GC(1) Concurrent Preclean 0.052ms
[2022-03-19T21:06:31.613-0700][gc,marking   ] GC(1) Concurrent Mark (1.118s, 1.118s) 0.357ms
[2022-03-19T21:06:31.613-0700][gc,start     ] GC(1) Pause Remark
[2022-03-19T21:06:31.614-0700][gc,stringtable] GC(1) Cleaned string and symbol table, strings: 7249 processed, 0 removed, symbols: 63773 processed, 32 removed
[2022-03-19T21:06:31.615-0700][gc            ] GC(1) Pause Remark 7M->7M(1024M) 1.389ms
[2022-03-19T21:06:31.615-0700][gc,cpu        ] GC(1) User=0.01s Sys=0.00s Real=0.00s
[2022-03-19T21:06:31.615-0700][gc,marking    ] GC(1) Concurrent Rebuild Remembered Sets
[2022-03-19T21:06:31.615-0700][gc,marking    ] GC(1) Concurrent Rebuild Remembered Sets 0.067ms
[2022-03-19T21:06:31.615-0700][gc,start      ] GC(1) Pause Cleanup
[2022-03-19T21:06:31.615-0700][gc            ] GC(1) Pause Cleanup 7M->7M(1024M) 0.120ms
[2022-03-19T21:06:31.615-0700][gc,cpu        ] GC(1) User=0.00s Sys=0.00s Real=0.00s
[2022-03-19T21:06:31.615-0700][gc,marking    ] GC(1) Concurrent Cleanup for Next Mark
[2022-03-19T21:06:31.621-0700][gc,marking    ] GC(1) Concurrent Cleanup for Next Mark 6.005ms
[2022-03-19T21:06:31.621-0700][gc            ] GC(1) Concurrent Cycle 10.248ms
[2022-03-19T21:06:32.741-0700][gc,start      ] GC(2) Pause Young (Normal) (G1 Evacuation Pause)
[2022-03-19T21:06:32.742-0700][gc,task       ] GC(2) Using 10 workers of 10 for evacuation
[2022-03-19T21:06:32.750-0700][gc,phases     ] GC(2)   Pre Evacuate Collection Set: 0.0ms
[2022-03-19T21:06:32.750-0700][gc,phases     ] GC(2)   Evacuate Collection Set: 7.7ms
[2022-03-19T21:06:32.750-0700][gc,phases     ] GC(2)   Post Evacuate Collection Set: 0.7ms
[2022-03-19T21:06:32.750-0700][gc,phases     ] GC(2)   Other: 0.2ms
[2022-03-19T21:06:32.750-0700][gc,heap       ] GC(2) Eden regions: 44->0(49)
[2022-03-19T21:06:32.750-0700][gc,heap       ] GC(2) Survivor regions: 7->2(7)
[2022-03-19T21:06:32.750-0700][gc,heap       ] GC(2) Old regions: 0->7
[2022-03-19T21:06:32.750-0700][gc,heap       ] GC(2) Humongous regions: 0->0
[2022-03-19T21:06:32.750-0700][gc,metaspace  ] GC(2) Metaspace: 30605K->30605K(1077248K)
[2022-03-19T21:06:32.750-0700][gc            ] GC(2) Pause Young (Normal) (G1 Evacuation Pause) 50M->8M(1024M) 8.754ms
[2022-03-19T21:06:32.750-0700][gc,cpu        ] GC(2) User=0.05s Sys=0.01s Real=0.01s
[2022-03-19T21:06:34.104-0700][gc,start      ] GC(3) Pause Young (Concurrent Start) (Metadata GC Threshold)
[2022-03-19T21:06:34.104-0700][gc,task       ] GC(3) Using 10 workers of 10 for evacuation
[2022-03-19T21:06:34.106-0700][gc,phases     ] GC(3)   Pre Evacuate Collection Set: 0.1ms
[2022-03-19T21:06:34.106-0700][gc,phases     ] GC(3)   Evacuate Collection Set: 1.6ms
[2022-03-19T21:06:34.106-0700][gc,phases     ] GC(3)   Post Evacuate Collection Set: 0.2ms
[2022-03-19T21:06:34.106-0700][gc,phases     ] GC(3)   Other: 0.1ms
[2022-03-19T21:06:34.106-0700][gc,heap       ] GC(3) Eden regions: 27->0(47)
[2022-03-19T21:06:34.106-0700][gc,heap       ] GC(3) Survivor regions: 2->4(7)
[2022-03-19T21:06:34.106-0700][gc,heap       ] GC(3) Old regions: 7->7
[2022-03-19T21:06:34.106-0700][gc,heap       ] GC(3) Humongous regions: 129->129
[2022-03-19T21:06:34.106-0700][gc,metaspace  ] GC(3) Metaspace: 34828K->34828K(1081344K)
[2022-03-19T21:06:34.106-0700][gc            ] GC(3) Pause Young (Concurrent Start) (Metadata GC Threshold) 164M->138M(1024M) 2.070ms
[2022-03-19T21:06:34.106-0700][gc,cpu        ] GC(3) User=0.01s Sys=0.00s Real=0.00s
[2022-03-19T21:06:34.106-0700][gc            ] GC(4) Concurrent Cycle
[2022-03-19T21:06:34.106-0700][gc,marking    ] GC(4) Concurrent Clear Claimed Marks
[2022-03-19T21:06:34.106-0700][gc,marking    ] GC(4) Concurrent Clear Claimed Marks 0.019ms
[2022-03-19T21:06:34.106-0700][gc,marking    ] GC(4) Concurrent Scan Root Regions
[2022-03-19T21:06:34.107-0700][gc,marking    ] GC(4) Concurrent Scan Root Regions 0.714ms
[2022-03-19T21:06:34.107-0700][gc,marking    ] GC(4) Concurrent Mark (3.612s)
[2022-03-19T21:06:34.107-0700][gc,marking    ] GC(4) Concurrent Mark From Roots
[2022-03-19T21:06:34.107-0700][gc,task       ] GC(4) Using 3 workers of 3 for marking
[2022-03-19T21:06:34.109-0700][gc,marking    ] GC(4) Concurrent Mark From Roots 2.382ms
[2022-03-19T21:06:34.109-0700][gc,marking    ] GC(4) Concurrent Preclean
[2022-03-19T21:06:34.109-0700][gc,marking    ] GC(4) Concurrent Preclean 0.046ms
[2022-03-19T21:06:34.109-0700][gc,marking    ] GC(4) Concurrent Mark (3.612s, 3.614s) 2.464ms
[2022-03-19T21:06:34.109-0700][gc,start      ] GC(4) Pause Remark
[2022-03-19T21:06:34.110-0700][gc,stringtable] GC(4) Cleaned string and symbol table, strings: 10734 processed, 8 removed, symbols: 95376 processed, 24 removed
[2022-03-19T21:06:34.111-0700][gc            ] GC(4) Pause Remark 139M->139M(1024M) 1.376ms
[2022-03-19T21:06:34.111-0700][gc,cpu        ] GC(4) User=0.01s Sys=0.00s Real=0.01s
[2022-03-19T21:06:34.111-0700][gc,marking    ] GC(4) Concurrent Rebuild Remembered Sets
[2022-03-19T21:06:34.112-0700][gc,marking    ] GC(4) Concurrent Rebuild Remembered Sets 1.538ms
[2022-03-19T21:06:34.112-0700][gc,start      ] GC(4) Pause Cleanup
[2022-03-19T21:06:34.113-0700][gc            ] GC(4) Pause Cleanup 139M->139M(1024M) 0.061ms
[2022-03-19T21:06:34.113-0700][gc,cpu        ] GC(4) User=0.00s Sys=0.00s Real=0.00s
[2022-03-19T21:06:34.113-0700][gc,marking    ] GC(4) Concurrent Cleanup for Next Mark
[2022-03-19T21:06:34.117-0700][gc,marking    ] GC(4) Concurrent Cleanup for Next Mark 4.854ms
[2022-03-19T21:06:34.117-0700][gc            ] GC(4) Concurrent Cycle 11.479ms
[2022-03-19T21:06:34.664-0700][gc,start      ] GC(5) Pause Young (Normal) (G1 Evacuation Pause)
[2022-03-19T21:06:34.664-0700][gc,task       ] GC(5) Using 10 workers of 10 for evacuation
[2022-03-19T21:06:34.669-0700][gc,phases     ] GC(5)   Pre Evacuate Collection Set: 0.0ms
[2022-03-19T21:06:34.670-0700][gc,phases     ] GC(5)   Evacuate Collection Set: 5.2ms
[2022-03-19T21:06:34.670-0700][gc,phases     ] GC(5)   Post Evacuate Collection Set: 0.5ms
[2022-03-19T21:06:34.670-0700][gc,phases     ] GC(5)   Other: 0.2ms
[2022-03-19T21:06:34.670-0700][gc,heap       ] GC(5) Eden regions: 47->0(44)
[2022-03-19T21:06:34.670-0700][gc,heap       ] GC(5) Survivor regions: 4->7(7)
[2022-03-19T21:06:34.670-0700][gc,heap       ] GC(5) Old regions: 7->7
[2022-03-19T21:06:34.670-0700][gc,heap       ] GC(5) Humongous regions: 129->129
[2022-03-19T21:06:34.670-0700][gc,metaspace  ] GC(5) Metaspace: 42909K->42909K(1089536K)
[2022-03-19T21:06:34.670-0700][gc            ] GC(5) Pause Young (Normal) (G1 Evacuation Pause) 185M->142M(1024M) 6.047ms
[2022-03-19T21:06:34.670-0700][gc,cpu        ] GC(5) User=0.05s Sys=0.01s Real=0.01s
[2022-03-19T21:16:45.996-0700][gc,start      ] GC(6) Pause Young (Normal) (G1 Evacuation Pause)
[2022-03-19T21:16:45.996-0700][gc,task       ] GC(6) Using 10 workers of 10 for evacuation
[2022-03-19T21:16:46.049-0700][gc,mmu        ] GC(6) MMU target violated: 21.0ms (20.0ms/21.0ms)
[2022-03-19T21:16:46.049-0700][gc,phases     ] GC(6)   Pre Evacuate Collection Set: 1.6ms
[2022-03-19T21:16:46.049-0700][gc,phases     ] GC(6)   Evacuate Collection Set: 48.3ms
[2022-03-19T21:16:46.049-0700][gc,phases     ] GC(6)   Post Evacuate Collection Set: 0.7ms
[2022-03-19T21:16:46.049-0700][gc,phases     ] GC(6)   Other: 3.5ms
[2022-03-19T21:16:46.049-0700][gc,heap       ] GC(6) Eden regions: 44->0(49)
[2022-03-19T21:16:46.049-0700][gc,heap       ] GC(6) Survivor regions: 7->2(7)
[2022-03-19T21:16:46.049-0700][gc,heap       ] GC(6) Old regions: 7->14
[2022-03-19T21:16:46.049-0700][gc,heap       ] GC(6) Humongous regions: 135->129
[2022-03-19T21:16:46.049-0700][gc,metaspace  ] GC(6) Metaspace: 47988K->47988K(1093632K)
[2022-03-19T21:16:46.049-0700][gc            ] GC(6) Pause Young (Normal) (G1 Evacuation Pause) 192M->144M(1024M) 53.174ms
[2022-03-19T21:16:46.049-0700][gc,cpu        ] GC(6) User=0.06s Sys=0.20s Real=0.05s
[2022-03-19T21:55:16.024-0700][gc,start      ] GC(7) Pause Young (Normal) (G1 Evacuation Pause)
[2022-03-19T21:55:16.025-0700][gc,task       ] GC(7) Using 10 workers of 10 for evacuation
[2022-03-19T21:55:16.077-0700][gc,mmu        ] GC(7) MMU target violated: 21.0ms (20.0ms/21.0ms)
[2022-03-19T21:55:16.077-0700][gc,phases     ] GC(7)   Pre Evacuate Collection Set: 4.6ms
[2022-03-19T21:55:16.077-0700][gc,phases     ] GC(7)   Evacuate Collection Set: 40.6ms
[2022-03-19T21:55:16.077-0700][gc,phases     ] GC(7)   Post Evacuate Collection Set: 0.4ms
[2022-03-19T21:55:16.077-0700][gc,phases     ] GC(7)   Other: 6.8ms
[2022-03-19T21:55:16.077-0700][gc,heap       ] GC(7) Eden regions: 49->0(49)
[2022-03-19T21:55:16.077-0700][gc,heap       ] GC(7) Survivor regions: 2->2(7)
[2022-03-19T21:55:16.077-0700][gc,heap       ] GC(7) Old regions: 14->14
[2022-03-19T21:55:16.077-0700][gc,heap       ] GC(7) Humongous regions: 129->129
[2022-03-19T21:55:16.077-0700][gc,metaspace  ] GC(7) Metaspace: 48276K->48276K(1093632K)
[2022-03-19T21:55:16.077-0700][gc            ] GC(7) Pause Young (Normal) (G1 Evacuation Pause) 193M->143M(1024M) 52.525ms
[2022-03-19T21:55:16.077-0700][gc,cpu        ] GC(7) User=0.13s Sys=0.08s Real=0.05s
[2022-03-20T08:26:59.768-0700][gc,start      ] GC(8) Pause Young (Normal) (G1 Evacuation Pause)
[2022-03-20T08:26:59.771-0700][gc,task       ] GC(8) Using 10 workers of 10 for evacuation
[2022-03-20T08:26:59.866-0700][gc,mmu        ] GC(8) MMU target violated: 21.0ms (20.0ms/21.0ms)
[2022-03-20T08:26:59.866-0700][gc,phases     ] GC(8)   Pre Evacuate Collection Set: 15.7ms
[2022-03-20T08:26:59.866-0700][gc,phases     ] GC(8)   Evacuate Collection Set: 65.9ms
[2022-03-20T08:26:59.866-0700][gc,phases     ] GC(8)   Post Evacuate Collection Set: 1.2ms
[2022-03-20T08:26:59.866-0700][gc,phases     ] GC(8)   Other: 17.5ms
[2022-03-20T08:26:59.866-0700][gc,heap       ] GC(8) Eden regions: 49->0(49)
[2022-03-20T08:26:59.866-0700][gc,heap       ] GC(8) Survivor regions: 2->2(7)
[2022-03-20T08:26:59.866-0700][gc,heap       ] GC(8) Old regions: 14->14
[2022-03-20T08:26:59.866-0700][gc,heap       ] GC(8) Humongous regions: 129->129
[2022-03-20T08:26:59.866-0700][gc,metaspace  ] GC(8) Metaspace: 48387K->48387K(1093632K)
[2022-03-20T08:26:59.867-0700][gc            ] GC(8) Pause Young (Normal) (G1 Evacuation Pause) 192M->143M(1024M) 99.562ms
[2022-03-20T08:26:59.867-0700][gc,cpu        ] GC(8) User=0.22s Sys=0.11s Real=0.10s
[2022-03-20T08:58:04.511-0700][gc,start      ] GC(9) Pause Young (Normal) (G1 Evacuation Pause)
[2022-03-20T08:58:04.512-0700][gc,task       ] GC(9) Using 10 workers of 10 for evacuation
[2022-03-20T08:58:04.528-0700][gc,phases     ] GC(9)   Pre Evacuate Collection Set: 4.0ms
[2022-03-20T08:58:04.528-0700][gc,phases     ] GC(9)   Evacuate Collection Set: 10.9ms
[2022-03-20T08:58:04.528-0700][gc,phases     ] GC(9)   Post Evacuate Collection Set: 0.6ms
[2022-03-20T08:58:04.528-0700][gc,phases     ] GC(9)   Other: 1.2ms
[2022-03-20T08:58:04.528-0700][gc,heap       ] GC(9) Eden regions: 49->0(49)
[2022-03-20T08:58:04.528-0700][gc,heap       ] GC(9) Survivor regions: 2->2(7)
[2022-03-20T08:58:04.528-0700][gc,heap       ] GC(9) Old regions: 14->14
[2022-03-20T08:58:04.528-0700][gc,heap       ] GC(9) Humongous regions: 129->129
[2022-03-20T08:58:04.528-0700][gc,metaspace  ] GC(9) Metaspace: 49051K->49051K(1093632K)
[2022-03-20T08:58:04.528-0700][gc            ] GC(9) Pause Young (Normal) (G1 Evacuation Pause) 192M->143M(1024M) 16.720ms
[2022-03-20T08:58:04.528-0700][gc,cpu        ] GC(9) User=0.03s Sys=0.04s Real=0.01s
[2022-03-20T08:58:07.289-0700][gc,heap,exit  ] Heap
[2022-03-20T08:58:07.289-0700][gc,heap,exit  ]  garbage-first heap   total 1048576K, used 151382K [0x00000007c0000000, 0x0000000800000000)
[2022-03-20T08:58:07.289-0700][gc,heap,exit  ]   region size 1024K, 7 young (7168K), 2 survivors (2048K)
[2022-03-20T08:58:07.289-0700][gc,heap,exit  ]  Metaspace       used 49206K, capacity 51452K, committed 51664K, reserved 1093632K
[2022-03-20T08:58:07.289-0700][gc,heap,exit  ]   class space    used 5920K, capacity 7014K, committed 7040K, reserved 1048576K
