[2022-03-20T08:56:55.562-0700][gc,heap] Heap region size: 1M
[2022-03-20T08:56:55.571-0700][gc     ] Using G1
[2022-03-20T08:56:55.571-0700][gc,heap,coops] Heap address: 0x00000007c0000000, size: 1024 MB, Compressed Oops mode: Zero based, Oop shift amount: 3
[2022-03-20T08:56:56.809-0700][gc,start     ] GC(0) Pause Young (Concurrent Start) (Metadata GC Threshold)
[2022-03-20T08:56:56.810-0700][gc,task      ] GC(0) Using 10 workers of 10 for evacuation
[2022-03-20T08:56:56.817-0700][gc,phases    ] GC(0)   Pre Evacuate Collection Set: 0.0ms
[2022-03-20T08:56:56.817-0700][gc,phases    ] GC(0)   Evacuate Collection Set: 6.1ms
[2022-03-20T08:56:56.817-0700][gc,phases    ] GC(0)   Post Evacuate Collection Set: 0.4ms
[2022-03-20T08:56:56.817-0700][gc,phases    ] GC(0)   Other: 0.9ms
[2022-03-20T08:56:56.817-0700][gc,heap      ] GC(0) Eden regions: 44->0(44)
[2022-03-20T08:56:56.817-0700][gc,heap      ] GC(0) Survivor regions: 0->7(7)
[2022-03-20T08:56:56.817-0700][gc,heap      ] GC(0) Old regions: 0->1
[2022-03-20T08:56:56.817-0700][gc,heap      ] GC(0) Humongous regions: 0->0
[2022-03-20T08:56:56.817-0700][gc,metaspace ] GC(0) Metaspace: 20761K->20761K(1069056K)
[2022-03-20T08:56:56.817-0700][gc           ] GC(0) Pause Young (Concurrent Start) (Metadata GC Threshold) 44M->7M(1024M) 7.553ms
[2022-03-20T08:56:56.817-0700][gc,cpu       ] GC(0) User=0.02s Sys=0.00s Real=0.01s
[2022-03-20T08:56:56.817-0700][gc           ] GC(1) Concurrent Cycle
[2022-03-20T08:56:56.817-0700][gc,marking   ] GC(1) Concurrent Clear Claimed Marks
[2022-03-20T08:56:56.817-0700][gc,marking   ] GC(1) Concurrent Clear Claimed Marks 0.020ms
[2022-03-20T08:56:56.817-0700][gc,marking   ] GC(1) Concurrent Scan Root Regions
[2022-03-20T08:56:56.819-0700][gc,marking   ] GC(1) Concurrent Scan Root Regions 1.558ms
[2022-03-20T08:56:56.819-0700][gc,marking   ] GC(1) Concurrent Mark (1.265s)
[2022-03-20T08:56:56.819-0700][gc,marking   ] GC(1) Concurrent Mark From Roots
[2022-03-20T08:56:56.819-0700][gc,task      ] GC(1) Using 3 workers of 3 for marking
[2022-03-20T08:56:56.819-0700][gc,marking   ] GC(1) Concurrent Mark From Roots 0.216ms
[2022-03-20T08:56:56.819-0700][gc,marking   ] GC(1) Concurrent Preclean
[2022-03-20T08:56:56.819-0700][gc,marking   ] GC(1) Concurrent Preclean 0.033ms
[2022-03-20T08:56:56.819-0700][gc,marking   ] GC(1) Concurrent Mark (1.265s, 1.265s) 0.293ms
[2022-03-20T08:56:56.819-0700][gc,start     ] GC(1) Pause Remark
[2022-03-20T08:56:56.820-0700][gc,stringtable] GC(1) Cleaned string and symbol table, strings: 7245 processed, 0 removed, symbols: 63773 processed, 32 removed
[2022-03-20T08:56:56.820-0700][gc            ] GC(1) Pause Remark 7M->7M(1024M) 1.347ms
[2022-03-20T08:56:56.821-0700][gc,cpu        ] GC(1) User=0.01s Sys=0.00s Real=0.01s
[2022-03-20T08:56:56.821-0700][gc,marking    ] GC(1) Concurrent Rebuild Remembered Sets
[2022-03-20T08:56:56.821-0700][gc,marking    ] GC(1) Concurrent Rebuild Remembered Sets 0.081ms
[2022-03-20T08:56:56.821-0700][gc,start      ] GC(1) Pause Cleanup
[2022-03-20T08:56:56.821-0700][gc            ] GC(1) Pause Cleanup 7M->7M(1024M) 0.157ms
[2022-03-20T08:56:56.821-0700][gc,cpu        ] GC(1) User=0.00s Sys=0.00s Real=0.00s
[2022-03-20T08:56:56.821-0700][gc,marking    ] GC(1) Concurrent Cleanup for Next Mark
[2022-03-20T08:56:56.826-0700][gc,marking    ] GC(1) Concurrent Cleanup for Next Mark 5.163ms
[2022-03-20T08:56:56.826-0700][gc            ] GC(1) Concurrent Cycle 9.357ms
[2022-03-20T08:57:02.013-0700][gc,heap,exit  ] Heap
[2022-03-20T08:57:02.013-0700][gc,heap,exit  ]  garbage-first heap   total 1048576K, used 18438K [0x00000007c0000000, 0x0000000800000000)
[2022-03-20T08:57:02.013-0700][gc,heap,exit  ]   region size 1024K, 19 young (19456K), 7 survivors (7168K)
[2022-03-20T08:57:02.013-0700][gc,heap,exit  ]  Metaspace       used 22567K, capacity 23017K, committed 23216K, reserved 1069056K
[2022-03-20T08:57:02.013-0700][gc,heap,exit  ]   class space    used 2539K, capacity 2724K, committed 2816K, reserved 1048576K
