[2022-03-20T09:15:31.813-0700][gc,heap] Heap region size: 1M
[2022-03-20T09:15:31.822-0700][gc     ] Using G1
[2022-03-20T09:15:31.822-0700][gc,heap,coops] Heap address: 0x00000007c0000000, size: 1024 MB, Compressed Oops mode: Zero based, Oop shift amount: 3
[2022-03-20T09:15:32.552-0700][gc,start     ] GC(0) Pause Young (Concurrent Start) (Metadata GC Threshold)
[2022-03-20T09:15:32.553-0700][gc,task      ] GC(0) Using 10 workers of 10 for evacuation
[2022-03-20T09:15:32.559-0700][gc,phases    ] GC(0)   Pre Evacuate Collection Set: 0.0ms
[2022-03-20T09:15:32.559-0700][gc,phases    ] GC(0)   Evacuate Collection Set: 6.1ms
[2022-03-20T09:15:32.559-0700][gc,phases    ] GC(0)   Post Evacuate Collection Set: 0.4ms
[2022-03-20T09:15:32.559-0700][gc,phases    ] GC(0)   Other: 0.9ms
[2022-03-20T09:15:32.559-0700][gc,heap      ] GC(0) Eden regions: 44->0(44)
[2022-03-20T09:15:32.559-0700][gc,heap      ] GC(0) Survivor regions: 0->7(7)
[2022-03-20T09:15:32.559-0700][gc,heap      ] GC(0) Old regions: 0->0
[2022-03-20T09:15:32.559-0700][gc,heap      ] GC(0) Humongous regions: 0->0
[2022-03-20T09:15:32.559-0700][gc,metaspace ] GC(0) Metaspace: 20758K->20758K(1069056K)
[2022-03-20T09:15:32.559-0700][gc           ] GC(0) Pause Young (Concurrent Start) (Metadata GC Threshold) 44M->6M(1024M) 7.498ms
[2022-03-20T09:15:32.560-0700][gc,cpu       ] GC(0) User=0.02s Sys=0.01s Real=0.01s
[2022-03-20T09:15:32.560-0700][gc           ] GC(1) Concurrent Cycle
[2022-03-20T09:15:32.560-0700][gc,marking   ] GC(1) Concurrent Clear Claimed Marks
[2022-03-20T09:15:32.560-0700][gc,marking   ] GC(1) Concurrent Clear Claimed Marks 0.020ms
[2022-03-20T09:15:32.560-0700][gc,marking   ] GC(1) Concurrent Scan Root Regions
[2022-03-20T09:15:32.561-0700][gc,marking   ] GC(1) Concurrent Scan Root Regions 1.307ms
[2022-03-20T09:15:32.561-0700][gc,marking   ] GC(1) Concurrent Mark (0.757s)
[2022-03-20T09:15:32.561-0700][gc,marking   ] GC(1) Concurrent Mark From Roots
[2022-03-20T09:15:32.561-0700][gc,task      ] GC(1) Using 3 workers of 3 for marking
[2022-03-20T09:15:32.561-0700][gc,marking   ] GC(1) Concurrent Mark From Roots 0.198ms
[2022-03-20T09:15:32.561-0700][gc,marking   ] GC(1) Concurrent Preclean
[2022-03-20T09:15:32.561-0700][gc,marking   ] GC(1) Concurrent Preclean 0.031ms
[2022-03-20T09:15:32.561-0700][gc,marking   ] GC(1) Concurrent Mark (0.757s, 0.757s) 0.271ms
[2022-03-20T09:15:32.561-0700][gc,start     ] GC(1) Pause Remark
[2022-03-20T09:15:32.562-0700][gc,stringtable] GC(1) Cleaned string and symbol table, strings: 7247 processed, 0 removed, symbols: 63773 processed, 32 removed
[2022-03-20T09:15:32.562-0700][gc            ] GC(1) Pause Remark 7M->7M(1024M) 1.177ms
[2022-03-20T09:15:32.563-0700][gc,cpu        ] GC(1) User=0.01s Sys=0.00s Real=0.00s
[2022-03-20T09:15:32.563-0700][gc,marking    ] GC(1) Concurrent Rebuild Remembered Sets
[2022-03-20T09:15:32.563-0700][gc,marking    ] GC(1) Concurrent Rebuild Remembered Sets 0.062ms
[2022-03-20T09:15:32.563-0700][gc,start      ] GC(1) Pause Cleanup
[2022-03-20T09:15:32.563-0700][gc            ] GC(1) Pause Cleanup 7M->7M(1024M) 0.110ms
[2022-03-20T09:15:32.563-0700][gc,cpu        ] GC(1) User=0.00s Sys=0.00s Real=0.00s
[2022-03-20T09:15:32.563-0700][gc,marking    ] GC(1) Concurrent Cleanup for Next Mark
[2022-03-20T09:15:32.569-0700][gc,marking    ] GC(1) Concurrent Cleanup for Next Mark 5.889ms
[2022-03-20T09:15:32.569-0700][gc            ] GC(1) Concurrent Cycle 9.299ms
[2022-03-20T09:15:33.517-0700][gc,start      ] GC(2) Pause Young (Normal) (G1 Evacuation Pause)
[2022-03-20T09:15:33.517-0700][gc,task       ] GC(2) Using 10 workers of 10 for evacuation
[2022-03-20T09:15:33.523-0700][gc,phases     ] GC(2)   Pre Evacuate Collection Set: 0.0ms
[2022-03-20T09:15:33.523-0700][gc,phases     ] GC(2)   Evacuate Collection Set: 5.5ms
[2022-03-20T09:15:33.523-0700][gc,phases     ] GC(2)   Post Evacuate Collection Set: 0.5ms
[2022-03-20T09:15:33.523-0700][gc,phases     ] GC(2)   Other: 0.1ms
[2022-03-20T09:15:33.524-0700][gc,heap       ] GC(2) Eden regions: 44->0(49)
[2022-03-20T09:15:33.524-0700][gc,heap       ] GC(2) Survivor regions: 7->2(7)
[2022-03-20T09:15:33.524-0700][gc,heap       ] GC(2) Old regions: 0->7
[2022-03-20T09:15:33.524-0700][gc,heap       ] GC(2) Humongous regions: 0->0
[2022-03-20T09:15:33.524-0700][gc,metaspace  ] GC(2) Metaspace: 30492K->30492K(1077248K)
[2022-03-20T09:15:33.524-0700][gc            ] GC(2) Pause Young (Normal) (G1 Evacuation Pause) 50M->8M(1024M) 6.383ms
[2022-03-20T09:15:33.524-0700][gc,cpu        ] GC(2) User=0.04s Sys=0.01s Real=0.01s
[2022-03-20T09:15:34.038-0700][gc,start      ] GC(3) Pause Young (Concurrent Start) (Metadata GC Threshold)
[2022-03-20T09:15:34.038-0700][gc,task       ] GC(3) Using 10 workers of 10 for evacuation
[2022-03-20T09:15:34.040-0700][gc,phases     ] GC(3)   Pre Evacuate Collection Set: 0.1ms
[2022-03-20T09:15:34.040-0700][gc,phases     ] GC(3)   Evacuate Collection Set: 1.7ms
[2022-03-20T09:15:34.040-0700][gc,phases     ] GC(3)   Post Evacuate Collection Set: 0.2ms
[2022-03-20T09:15:34.040-0700][gc,phases     ] GC(3)   Other: 0.1ms
[2022-03-20T09:15:34.040-0700][gc,heap       ] GC(3) Eden regions: 27->0(47)
[2022-03-20T09:15:34.040-0700][gc,heap       ] GC(3) Survivor regions: 2->4(7)
[2022-03-20T09:15:34.040-0700][gc,heap       ] GC(3) Old regions: 7->7
[2022-03-20T09:15:34.040-0700][gc,heap       ] GC(3) Humongous regions: 129->129
[2022-03-20T09:15:34.040-0700][gc,metaspace  ] GC(3) Metaspace: 34920K->34920K(1081344K)
[2022-03-20T09:15:34.040-0700][gc            ] GC(3) Pause Young (Concurrent Start) (Metadata GC Threshold) 163M->138M(1024M) 2.127ms
[2022-03-20T09:15:34.040-0700][gc,cpu        ] GC(3) User=0.01s Sys=0.00s Real=0.01s
[2022-03-20T09:15:34.040-0700][gc            ] GC(4) Concurrent Cycle
[2022-03-20T09:15:34.040-0700][gc,marking    ] GC(4) Concurrent Clear Claimed Marks
[2022-03-20T09:15:34.040-0700][gc,marking    ] GC(4) Concurrent Clear Claimed Marks 0.017ms
[2022-03-20T09:15:34.040-0700][gc,marking    ] GC(4) Concurrent Scan Root Regions
[2022-03-20T09:15:34.041-0700][gc,marking    ] GC(4) Concurrent Scan Root Regions 0.868ms
[2022-03-20T09:15:34.041-0700][gc,marking    ] GC(4) Concurrent Mark (2.237s)
[2022-03-20T09:15:34.041-0700][gc,marking    ] GC(4) Concurrent Mark From Roots
[2022-03-20T09:15:34.041-0700][gc,task       ] GC(4) Using 3 workers of 3 for marking
[2022-03-20T09:15:34.044-0700][gc,marking    ] GC(4) Concurrent Mark From Roots 2.459ms
[2022-03-20T09:15:34.044-0700][gc,marking    ] GC(4) Concurrent Preclean
[2022-03-20T09:15:34.044-0700][gc,marking    ] GC(4) Concurrent Preclean 0.039ms
[2022-03-20T09:15:34.044-0700][gc,marking    ] GC(4) Concurrent Mark (2.237s, 2.240s) 2.532ms
[2022-03-20T09:15:34.044-0700][gc,start      ] GC(4) Pause Remark
[2022-03-20T09:15:34.045-0700][gc,stringtable] GC(4) Cleaned string and symbol table, strings: 10750 processed, 8 removed, symbols: 95668 processed, 24 removed
[2022-03-20T09:15:34.045-0700][gc            ] GC(4) Pause Remark 139M->139M(1024M) 1.481ms
[2022-03-20T09:15:34.045-0700][gc,cpu        ] GC(4) User=0.01s Sys=0.00s Real=0.00s
[2022-03-20T09:15:34.045-0700][gc,marking    ] GC(4) Concurrent Rebuild Remembered Sets
[2022-03-20T09:15:34.047-0700][gc,marking    ] GC(4) Concurrent Rebuild Remembered Sets 1.607ms
[2022-03-20T09:15:34.047-0700][gc,start      ] GC(4) Pause Cleanup
[2022-03-20T09:15:34.047-0700][gc            ] GC(4) Pause Cleanup 140M->140M(1024M) 0.087ms
[2022-03-20T09:15:34.047-0700][gc,cpu        ] GC(4) User=0.00s Sys=0.00s Real=0.00s
[2022-03-20T09:15:34.047-0700][gc,marking    ] GC(4) Concurrent Cleanup for Next Mark
[2022-03-20T09:15:34.052-0700][gc,marking    ] GC(4) Concurrent Cleanup for Next Mark 4.994ms
[2022-03-20T09:15:34.052-0700][gc            ] GC(4) Concurrent Cycle 11.996ms
[2022-03-20T09:15:34.575-0700][gc,start      ] GC(5) Pause Young (Normal) (G1 Evacuation Pause)
[2022-03-20T09:15:34.575-0700][gc,task       ] GC(5) Using 10 workers of 10 for evacuation
[2022-03-20T09:15:34.587-0700][gc,phases     ] GC(5)   Pre Evacuate Collection Set: 0.0ms
[2022-03-20T09:15:34.587-0700][gc,phases     ] GC(5)   Evacuate Collection Set: 12.0ms
[2022-03-20T09:15:34.588-0700][gc,phases     ] GC(5)   Post Evacuate Collection Set: 0.4ms
[2022-03-20T09:15:34.588-0700][gc,phases     ] GC(5)   Other: 0.2ms
[2022-03-20T09:15:34.588-0700][gc,heap       ] GC(5) Eden regions: 47->0(44)
[2022-03-20T09:15:34.588-0700][gc,heap       ] GC(5) Survivor regions: 4->7(7)
[2022-03-20T09:15:34.588-0700][gc,heap       ] GC(5) Old regions: 7->7
[2022-03-20T09:15:34.588-0700][gc,heap       ] GC(5) Humongous regions: 129->129
[2022-03-20T09:15:34.588-0700][gc,metaspace  ] GC(5) Metaspace: 42896K->42896K(1089536K)
[2022-03-20T09:15:34.588-0700][gc            ] GC(5) Pause Young (Normal) (G1 Evacuation Pause) 185M->142M(1024M) 12.838ms
[2022-03-20T09:15:34.588-0700][gc,cpu        ] GC(5) User=0.04s Sys=0.01s Real=0.01s
[2022-03-20T09:18:34.027-0700][gc,start      ] GC(6) Pause Young (Normal) (G1 Evacuation Pause)
[2022-03-20T09:18:34.027-0700][gc,task       ] GC(6) Using 10 workers of 10 for evacuation
[2022-03-20T09:18:34.048-0700][gc,mmu        ] GC(6) MMU target violated: 21.0ms (20.0ms/21.0ms)
[2022-03-20T09:18:34.049-0700][gc,phases     ] GC(6)   Pre Evacuate Collection Set: 1.3ms
[2022-03-20T09:18:34.049-0700][gc,phases     ] GC(6)   Evacuate Collection Set: 19.0ms
[2022-03-20T09:18:34.049-0700][gc,phases     ] GC(6)   Post Evacuate Collection Set: 0.7ms
[2022-03-20T09:18:34.049-0700][gc,phases     ] GC(6)   Other: 0.5ms
[2022-03-20T09:18:34.049-0700][gc,heap       ] GC(6) Eden regions: 44->0(48)
[2022-03-20T09:18:34.049-0700][gc,heap       ] GC(6) Survivor regions: 7->3(7)
[2022-03-20T09:18:34.049-0700][gc,heap       ] GC(6) Old regions: 7->13
[2022-03-20T09:18:34.049-0700][gc,heap       ] GC(6) Humongous regions: 135->129
[2022-03-20T09:18:34.049-0700][gc,metaspace  ] GC(6) Metaspace: 49783K->49783K(1093632K)
[2022-03-20T09:18:34.049-0700][gc            ] GC(6) Pause Young (Normal) (G1 Evacuation Pause) 192M->144M(1024M) 21.573ms
[2022-03-20T09:18:34.049-0700][gc,cpu        ] GC(6) User=0.06s Sys=0.08s Real=0.02s
[2022-03-20T09:32:21.043-0700][gc,start      ] GC(7) Pause Young (Normal) (G1 Evacuation Pause)
[2022-03-20T09:32:21.043-0700][gc,task       ] GC(7) Using 10 workers of 10 for evacuation
[2022-03-20T09:32:21.063-0700][gc,phases     ] GC(7)   Pre Evacuate Collection Set: 1.1ms
[2022-03-20T09:32:21.063-0700][gc,phases     ] GC(7)   Evacuate Collection Set: 18.1ms
[2022-03-20T09:32:21.063-0700][gc,phases     ] GC(7)   Post Evacuate Collection Set: 0.6ms
[2022-03-20T09:32:21.063-0700][gc,phases     ] GC(7)   Other: 0.5ms
[2022-03-20T09:32:21.063-0700][gc,heap       ] GC(7) Eden regions: 48->0(46)
[2022-03-20T09:32:21.063-0700][gc,heap       ] GC(7) Survivor regions: 3->5(7)
[2022-03-20T09:32:21.063-0700][gc,heap       ] GC(7) Old regions: 13->13
[2022-03-20T09:32:21.063-0700][gc,heap       ] GC(7) Humongous regions: 129->129
[2022-03-20T09:32:21.063-0700][gc,metaspace  ] GC(7) Metaspace: 50921K->50921K(1095680K)
[2022-03-20T09:32:21.063-0700][gc            ] GC(7) Pause Young (Normal) (G1 Evacuation Pause) 192M->146M(1024M) 20.343ms
[2022-03-20T09:32:21.063-0700][gc,cpu        ] GC(7) User=0.03s Sys=0.07s Real=0.02s
[2022-03-20T09:48:11.066-0700][gc,start      ] GC(8) Pause Young (Normal) (G1 Evacuation Pause)
[2022-03-20T09:48:11.067-0700][gc,task       ] GC(8) Using 10 workers of 10 for evacuation
[2022-03-20T09:48:11.071-0700][gc,phases     ] GC(8)   Pre Evacuate Collection Set: 0.0ms
[2022-03-20T09:48:11.071-0700][gc,phases     ] GC(8)   Evacuate Collection Set: 4.1ms
[2022-03-20T09:48:11.071-0700][gc,phases     ] GC(8)   Post Evacuate Collection Set: 0.3ms
[2022-03-20T09:48:11.071-0700][gc,phases     ] GC(8)   Other: 1.0ms
[2022-03-20T09:48:11.071-0700][gc,heap       ] GC(8) Eden regions: 46->0(48)
[2022-03-20T09:48:11.071-0700][gc,heap       ] GC(8) Survivor regions: 5->3(7)
[2022-03-20T09:48:11.071-0700][gc,heap       ] GC(8) Old regions: 13->15
[2022-03-20T09:48:11.071-0700][gc,heap       ] GC(8) Humongous regions: 129->129
[2022-03-20T09:48:11.071-0700][gc,metaspace  ] GC(8) Metaspace: 51140K->51140K(1095680K)
[2022-03-20T09:48:11.072-0700][gc            ] GC(8) Pause Young (Normal) (G1 Evacuation Pause) 192M->146M(1024M) 5.544ms
[2022-03-20T09:48:11.072-0700][gc,cpu        ] GC(8) User=0.03s Sys=0.00s Real=0.01s
[2022-03-20T10:04:49.118-0700][gc,start      ] GC(9) Pause Young (Normal) (G1 Evacuation Pause)
[2022-03-20T10:04:49.119-0700][gc,task       ] GC(9) Using 10 workers of 10 for evacuation
[2022-03-20T10:04:49.129-0700][gc,phases     ] GC(9)   Pre Evacuate Collection Set: 1.6ms
[2022-03-20T10:04:49.129-0700][gc,phases     ] GC(9)   Evacuate Collection Set: 8.1ms
[2022-03-20T10:04:49.129-0700][gc,phases     ] GC(9)   Post Evacuate Collection Set: 0.3ms
[2022-03-20T10:04:49.130-0700][gc,phases     ] GC(9)   Other: 1.3ms
[2022-03-20T10:04:49.130-0700][gc,heap       ] GC(9) Eden regions: 48->0(48)
[2022-03-20T10:04:49.130-0700][gc,heap       ] GC(9) Survivor regions: 3->3(7)
[2022-03-20T10:04:49.130-0700][gc,heap       ] GC(9) Old regions: 15->15
[2022-03-20T10:04:49.130-0700][gc,heap       ] GC(9) Humongous regions: 129->129
[2022-03-20T10:04:49.130-0700][gc,metaspace  ] GC(9) Metaspace: 51253K->51253K(1095680K)
[2022-03-20T10:04:49.130-0700][gc            ] GC(9) Pause Young (Normal) (G1 Evacuation Pause) 194M->146M(1024M) 11.342ms
[2022-03-20T10:04:49.130-0700][gc,cpu        ] GC(9) User=0.02s Sys=0.03s Real=0.02s
[2022-03-20T10:32:39.927-0700][gc,start      ] GC(10) Pause Young (Normal) (G1 Evacuation Pause)
[2022-03-20T10:32:39.927-0700][gc,task       ] GC(10) Using 10 workers of 10 for evacuation
[2022-03-20T10:32:39.939-0700][gc,phases     ] GC(10)   Pre Evacuate Collection Set: 1.6ms
[2022-03-20T10:32:39.939-0700][gc,phases     ] GC(10)   Evacuate Collection Set: 8.7ms
[2022-03-20T10:32:39.939-0700][gc,phases     ] GC(10)   Post Evacuate Collection Set: 0.6ms
[2022-03-20T10:32:39.939-0700][gc,phases     ] GC(10)   Other: 2.3ms
[2022-03-20T10:32:39.939-0700][gc,heap       ] GC(10) Eden regions: 48->0(48)
[2022-03-20T10:32:39.939-0700][gc,heap       ] GC(10) Survivor regions: 3->3(7)
[2022-03-20T10:32:39.939-0700][gc,heap       ] GC(10) Old regions: 15->15
[2022-03-20T10:32:39.939-0700][gc,heap       ] GC(10) Humongous regions: 129->129
[2022-03-20T10:32:39.939-0700][gc,metaspace  ] GC(10) Metaspace: 51368K->51368K(1095680K)
[2022-03-20T10:32:39.939-0700][gc            ] GC(10) Pause Young (Normal) (G1 Evacuation Pause) 194M->146M(1024M) 12.174ms
[2022-03-20T10:32:39.939-0700][gc,cpu        ] GC(10) User=0.02s Sys=0.04s Real=0.01s
