[2022-03-17T18:23:51.587-0700][gc,heap] Heap region size: 1M
[2022-03-17T18:23:51.591-0700][gc     ] Using G1
[2022-03-17T18:23:51.591-0700][gc,heap,coops] Heap address: 0x00000007e0000000, size: 512 MB, Compressed Oops mode: Zero based, Oop shift amount: 3
[2022-03-17T18:23:52.315-0700][gc,start     ] GC(0) Pause Young (Normal) (G1 Evacuation Pause)
[2022-03-17T18:23:52.316-0700][gc,task      ] GC(0) Using 10 workers of 10 for evacuation
[2022-03-17T18:23:52.321-0700][gc,phases    ] GC(0)   Pre Evacuate Collection Set: 0.0ms
[2022-03-17T18:23:52.321-0700][gc,phases    ] GC(0)   Evacuate Collection Set: 4.4ms
[2022-03-17T18:23:52.321-0700][gc,phases    ] GC(0)   Post Evacuate Collection Set: 0.3ms
[2022-03-17T18:23:52.321-0700][gc,phases    ] GC(0)   Other: 0.6ms
[2022-03-17T18:23:52.321-0700][gc,heap      ] GC(0) Eden regions: 25->0(21)
[2022-03-17T18:23:52.321-0700][gc,heap      ] GC(0) Survivor regions: 0->4(4)
[2022-03-17T18:23:52.321-0700][gc,heap      ] GC(0) Old regions: 0->4
[2022-03-17T18:23:52.321-0700][gc,heap      ] GC(0) Humongous regions: 0->0
[2022-03-17T18:23:52.321-0700][gc,metaspace ] GC(0) Metaspace: 15073K->15073K(1062912K)
[2022-03-17T18:23:52.321-0700][gc           ] GC(0) Pause Young (Normal) (G1 Evacuation Pause) 25M->7M(512M) 5.468ms
[2022-03-17T18:23:52.321-0700][gc,cpu       ] GC(0) User=0.03s Sys=0.02s Real=0.01s
[2022-03-17T18:25:36.387-0700][gc,heap,exit ] Heap
[2022-03-17T18:25:36.387-0700][gc,heap,exit ]  garbage-first heap   total 524288K, used 11459K [0x00000007e0000000, 0x0000000800000000)
[2022-03-17T18:25:36.387-0700][gc,heap,exit ]   region size 1024K, 9 young (9216K), 4 survivors (4096K)
[2022-03-17T18:25:36.387-0700][gc,heap,exit ]  Metaspace       used 15719K, capacity 16068K, committed 16384K, reserved 1064960K
[2022-03-17T18:25:36.387-0700][gc,heap,exit ]   class space    used 1567K, capacity 1719K, committed 1792K, reserved 1048576K
