[2022-03-18T16:47:21.642-0700][gc,heap] Heap region size: 1M
[2022-03-18T16:47:21.647-0700][gc     ] Using G1
[2022-03-18T16:47:21.647-0700][gc,heap,coops] Heap address: 0x00000007e0000000, size: 512 MB, Compressed Oops mode: Zero based, Oop shift amount: 3
[2022-03-18T16:47:22.420-0700][gc,start     ] GC(0) Pause Young (Normal) (G1 Evacuation Pause)
[2022-03-18T16:47:22.421-0700][gc,task      ] GC(0) Using 10 workers of 10 for evacuation
[2022-03-18T16:47:22.427-0700][gc,phases    ] GC(0)   Pre Evacuate Collection Set: 0.0ms
[2022-03-18T16:47:22.427-0700][gc,phases    ] GC(0)   Evacuate Collection Set: 6.3ms
[2022-03-18T16:47:22.428-0700][gc,phases    ] GC(0)   Post Evacuate Collection Set: 0.3ms
[2022-03-18T16:47:22.428-0700][gc,phases    ] GC(0)   Other: 0.8ms
[2022-03-18T16:47:22.428-0700][gc,heap      ] GC(0) Eden regions: 25->0(21)
[2022-03-18T16:47:22.428-0700][gc,heap      ] GC(0) Survivor regions: 0->4(4)
[2022-03-18T16:47:22.428-0700][gc,heap      ] GC(0) Old regions: 0->4
[2022-03-18T16:47:22.428-0700][gc,heap      ] GC(0) Humongous regions: 0->0
[2022-03-18T16:47:22.428-0700][gc,metaspace ] GC(0) Metaspace: 15099K->15099K(1062912K)
[2022-03-18T16:47:22.428-0700][gc           ] GC(0) Pause Young (Normal) (G1 Evacuation Pause) 25M->7M(512M) 7.506ms
[2022-03-18T16:47:22.428-0700][gc,cpu       ] GC(0) User=0.03s Sys=0.02s Real=0.00s
[2022-03-18T18:31:41.291-0700][gc,heap,exit ] Heap
[2022-03-18T18:31:41.293-0700][gc,heap,exit ]  garbage-first heap   total 524288K, used 23820K [0x00000007e0000000, 0x0000000800000000)
[2022-03-18T18:31:41.293-0700][gc,heap,exit ]   region size 1024K, 21 young (21504K), 4 survivors (4096K)
[2022-03-18T18:31:41.293-0700][gc,heap,exit ]  Metaspace       used 16989K, capacity 17357K, committed 17408K, reserved 1064960K
[2022-03-18T18:31:41.293-0700][gc,heap,exit ]   class space    used 1651K, capacity 1786K, committed 1792K, reserved 1048576K
