[2022-03-17T18:26:29.799-0700][gc,heap] Heap region size: 1M
[2022-03-17T18:26:29.805-0700][gc     ] Using G1
[2022-03-17T18:26:29.805-0700][gc,heap,coops] Heap address: 0x00000007e0000000, size: 512 MB, Compressed Oops mode: Zero based, Oop shift amount: 3
[2022-03-17T18:26:30.436-0700][gc,start     ] GC(0) Pause Young (Normal) (G1 Evacuation Pause)
[2022-03-17T18:26:30.436-0700][gc,task      ] GC(0) Using 10 workers of 10 for evacuation
[2022-03-17T18:26:30.441-0700][gc,phases    ] GC(0)   Pre Evacuate Collection Set: 0.0ms
[2022-03-17T18:26:30.441-0700][gc,phases    ] GC(0)   Evacuate Collection Set: 4.8ms
[2022-03-17T18:26:30.441-0700][gc,phases    ] GC(0)   Post Evacuate Collection Set: 0.3ms
[2022-03-17T18:26:30.441-0700][gc,phases    ] GC(0)   Other: 0.6ms
[2022-03-17T18:26:30.441-0700][gc,heap      ] GC(0) Eden regions: 25->0(21)
[2022-03-17T18:26:30.441-0700][gc,heap      ] GC(0) Survivor regions: 0->4(4)
[2022-03-17T18:26:30.441-0700][gc,heap      ] GC(0) Old regions: 0->4
[2022-03-17T18:26:30.441-0700][gc,heap      ] GC(0) Humongous regions: 0->0
[2022-03-17T18:26:30.441-0700][gc,metaspace ] GC(0) Metaspace: 15075K->15075K(1062912K)
[2022-03-17T18:26:30.441-0700][gc           ] GC(0) Pause Young (Normal) (G1 Evacuation Pause) 25M->7M(512M) 5.862ms
[2022-03-17T18:26:30.441-0700][gc,cpu       ] GC(0) User=0.03s Sys=0.01s Real=0.01s
[2022-03-17T19:04:45.332-0700][gc,heap,exit ] Heap
[2022-03-17T19:04:45.332-0700][gc,heap,exit ]  garbage-first heap   total 524288K, used 22707K [0x00000007e0000000, 0x0000000800000000)
[2022-03-17T19:04:45.332-0700][gc,heap,exit ]   region size 1024K, 20 young (20480K), 4 survivors (4096K)
[2022-03-17T19:04:45.332-0700][gc,heap,exit ]  Metaspace       used 17014K, capacity 17358K, committed 17664K, reserved 1064960K
[2022-03-17T19:04:45.332-0700][gc,heap,exit ]   class space    used 1649K, capacity 1786K, committed 1792K, reserved 1048576K
