[2022-03-20T09:15:11.883-0700][gc,heap] Heap region size: 1M
[2022-03-20T09:15:11.888-0700][gc     ] Using G1
[2022-03-20T09:15:11.888-0700][gc,heap,coops] Heap address: 0x00000007e0000000, size: 512 MB, Compressed Oops mode: Zero based, Oop shift amount: 3
[2022-03-20T09:15:12.399-0700][gc,start     ] GC(0) Pause Young (Normal) (G1 Evacuation Pause)
[2022-03-20T09:15:12.399-0700][gc,task      ] GC(0) Using 10 workers of 10 for evacuation
[2022-03-20T09:15:12.405-0700][gc,phases    ] GC(0)   Pre Evacuate Collection Set: 0.0ms
[2022-03-20T09:15:12.405-0700][gc,phases    ] GC(0)   Evacuate Collection Set: 4.9ms
[2022-03-20T09:15:12.405-0700][gc,phases    ] GC(0)   Post Evacuate Collection Set: 0.3ms
[2022-03-20T09:15:12.405-0700][gc,phases    ] GC(0)   Other: 0.6ms
[2022-03-20T09:15:12.405-0700][gc,heap      ] GC(0) Eden regions: 25->0(21)
[2022-03-20T09:15:12.405-0700][gc,heap      ] GC(0) Survivor regions: 0->4(4)
[2022-03-20T09:15:12.405-0700][gc,heap      ] GC(0) Old regions: 0->4
[2022-03-20T09:15:12.405-0700][gc,heap      ] GC(0) Humongous regions: 0->0
[2022-03-20T09:15:12.405-0700][gc,metaspace ] GC(0) Metaspace: 15079K->15079K(1062912K)
[2022-03-20T09:15:12.405-0700][gc           ] GC(0) Pause Young (Normal) (G1 Evacuation Pause) 25M->7M(512M) 5.999ms
[2022-03-20T09:15:12.405-0700][gc,cpu       ] GC(0) User=0.02s Sys=0.01s Real=0.01s
