[2022-03-18T11:50:04.288-0700][gc,heap] Heap region size: 1M
[2022-03-18T11:50:04.293-0700][gc     ] Using G1
[2022-03-18T11:50:04.293-0700][gc,heap,coops] Heap address: 0x00000007e0000000, size: 512 MB, Compressed Oops mode: Zero based, Oop shift amount: 3
[2022-03-18T11:50:05.170-0700][gc,start     ] GC(0) Pause Young (Normal) (G1 Evacuation Pause)
[2022-03-18T11:50:05.170-0700][gc,task      ] GC(0) Using 10 workers of 10 for evacuation
[2022-03-18T11:50:05.176-0700][gc,phases    ] GC(0)   Pre Evacuate Collection Set: 0.0ms
[2022-03-18T11:50:05.176-0700][gc,phases    ] GC(0)   Evacuate Collection Set: 5.5ms
[2022-03-18T11:50:05.176-0700][gc,phases    ] GC(0)   Post Evacuate Collection Set: 0.3ms
[2022-03-18T11:50:05.176-0700][gc,phases    ] GC(0)   Other: 0.8ms
[2022-03-18T11:50:05.176-0700][gc,heap      ] GC(0) Eden regions: 25->0(21)
[2022-03-18T11:50:05.176-0700][gc,heap      ] GC(0) Survivor regions: 0->4(4)
[2022-03-18T11:50:05.176-0700][gc,heap      ] GC(0) Old regions: 0->4
[2022-03-18T11:50:05.176-0700][gc,heap      ] GC(0) Humongous regions: 0->0
[2022-03-18T11:50:05.176-0700][gc,metaspace ] GC(0) Metaspace: 15099K->15099K(1062912K)
[2022-03-18T11:50:05.177-0700][gc           ] GC(0) Pause Young (Normal) (G1 Evacuation Pause) 25M->7M(512M) 6.760ms
[2022-03-18T11:50:05.177-0700][gc,cpu       ] GC(0) User=0.04s Sys=0.02s Real=0.00s
[2022-03-18T15:06:14.841-0700][gc,start     ] GC(1) Pause Young (Normal) (G1 Evacuation Pause)
[2022-03-18T15:06:14.844-0700][gc,task      ] GC(1) Using 10 workers of 10 for evacuation
[2022-03-18T15:06:14.980-0700][gc,mmu       ] GC(1) MMU target violated: 21.0ms (20.0ms/21.0ms)
[2022-03-18T15:06:14.980-0700][gc,phases    ] GC(1)   Pre Evacuate Collection Set: 9.0ms
[2022-03-18T15:06:14.980-0700][gc,phases    ] GC(1)   Evacuate Collection Set: 124.5ms
[2022-03-18T15:06:14.980-0700][gc,phases    ] GC(1)   Post Evacuate Collection Set: 0.6ms
[2022-03-18T15:06:14.980-0700][gc,phases    ] GC(1)   Other: 5.5ms
[2022-03-18T15:06:14.980-0700][gc,heap      ] GC(1) Eden regions: 21->0(24)
[2022-03-18T15:06:14.980-0700][gc,heap      ] GC(1) Survivor regions: 4->1(4)
[2022-03-18T15:06:14.980-0700][gc,heap      ] GC(1) Old regions: 4->8
[2022-03-18T15:06:14.980-0700][gc,heap      ] GC(1) Humongous regions: 0->0
[2022-03-18T15:06:14.980-0700][gc,metaspace ] GC(1) Metaspace: 16990K->16990K(1064960K)
[2022-03-18T15:06:14.980-0700][gc           ] GC(1) Pause Young (Normal) (G1 Evacuation Pause) 28M->7M(512M) 139.079ms
[2022-03-18T15:06:14.980-0700][gc,cpu       ] GC(1) User=0.29s Sys=0.17s Real=0.14s
[2022-03-18T16:47:18.671-0700][gc,heap,exit ] Heap
[2022-03-18T16:47:18.671-0700][gc,heap,exit ]  garbage-first heap   total 524288K, used 12151K [0x00000007e0000000, 0x0000000800000000)
[2022-03-18T16:47:18.671-0700][gc,heap,exit ]   region size 1024K, 6 young (6144K), 1 survivors (1024K)
[2022-03-18T16:47:18.671-0700][gc,heap,exit ]  Metaspace       used 17006K, capacity 17357K, committed 17664K, reserved 1064960K
[2022-03-18T16:47:18.671-0700][gc,heap,exit ]   class space    used 1652K, capacity 1786K, committed 1792K, reserved 1048576K
